stm32f0xx_it.c:76:6:NMI_Handler	0	static
stm32f0xx_it.c:89:6:HardFault_Handler	0	static
stm32f0xx_it.c:104:6:SVC_Handler	0	static
stm32f0xx_it.c:117:6:PendSV_Handler	0	static
stm32f0xx_it.c:130:6:SysTick_Handler	8	static
stm32f0xx_it.c:151:6:DMA1_Ch1_IRQHandler	8	static
stm32f0xx_it.c:165:6:DMA1_Ch2_3_DMA2_Ch1_2_IRQHandler	8	static
stm32f0xx_it.c:180:6:DMA1_Ch4_7_DMA2_Ch3_5_IRQHandler	8	static
stm32f0xx_it.c:194:6:TIM6_DAC_IRQHandler	8	static
stm32f0xx_it.c:208:6:I2C2_IRQHandler	8	static
stm32f0xx_it.c:226:6:USART3_8_IRQHandler	8	static
