Archive member included to satisfy reference by file (symbol)

c:/program files (x86)/atollic/truestudio for stm32 9.3.0/armtools/bin/../lib/gcc/arm-atollic-eabi/6.3.1/../../../../arm-atollic-eabi/lib/armv6-m\libc_nano.a(lib_a-atoi.o)
                              Src\set_command.o (atoi)
c:/program files (x86)/atollic/truestudio for stm32 9.3.0/armtools/bin/../lib/gcc/arm-atollic-eabi/6.3.1/../../../../arm-atollic-eabi/lib/armv6-m\libc_nano.a(lib_a-errno.o)
                              Src\syscalls.o (__errno)
c:/program files (x86)/atollic/truestudio for stm32 9.3.0/armtools/bin/../lib/gcc/arm-atollic-eabi/6.3.1/../../../../arm-atollic-eabi/lib/armv6-m\libc_nano.a(lib_a-impure.o)
                              c:/program files (x86)/atollic/truestudio for stm32 9.3.0/armtools/bin/../lib/gcc/arm-atollic-eabi/6.3.1/../../../../arm-atollic-eabi/lib/armv6-m\libc_nano.a(lib_a-errno.o) (_impure_ptr)
c:/program files (x86)/atollic/truestudio for stm32 9.3.0/armtools/bin/../lib/gcc/arm-atollic-eabi/6.3.1/../../../../arm-atollic-eabi/lib/armv6-m\libc_nano.a(lib_a-init.o)
                              startup\startup_stm32f091xc.o (__libc_init_array)
c:/program files (x86)/atollic/truestudio for stm32 9.3.0/armtools/bin/../lib/gcc/arm-atollic-eabi/6.3.1/../../../../arm-atollic-eabi/lib/armv6-m\libc_nano.a(lib_a-memcpy-stub.o)
                              Drivers\STM32F0xx_HAL_Driver\Src\stm32f0xx_hal_rcc.o (memcpy)
c:/program files (x86)/atollic/truestudio for stm32 9.3.0/armtools/bin/../lib/gcc/arm-atollic-eabi/6.3.1/../../../../arm-atollic-eabi/lib/armv6-m\libc_nano.a(lib_a-memset.o)
                              Src\accelerometer_referance_value_calculation.o (memset)
c:/program files (x86)/atollic/truestudio for stm32 9.3.0/armtools/bin/../lib/gcc/arm-atollic-eabi/6.3.1/../../../../arm-atollic-eabi/lib/armv6-m\libc_nano.a(lib_a-sprintf.o)
                              Src\accel_and_gyro_output.o (sprintf)
c:/program files (x86)/atollic/truestudio for stm32 9.3.0/armtools/bin/../lib/gcc/arm-atollic-eabi/6.3.1/../../../../arm-atollic-eabi/lib/armv6-m\libc_nano.a(lib_a-strcpy.o)
                              Src\acceleration_wakeup_init.o (strcpy)
c:/program files (x86)/atollic/truestudio for stm32 9.3.0/armtools/bin/../lib/gcc/arm-atollic-eabi/6.3.1/../../../../arm-atollic-eabi/lib/armv6-m\libc_nano.a(lib_a-strlen.o)
                              Src\accel_and_gyro_output.o (strlen)
c:/program files (x86)/atollic/truestudio for stm32 9.3.0/armtools/bin/../lib/gcc/arm-atollic-eabi/6.3.1/../../../../arm-atollic-eabi/lib/armv6-m\libc_nano.a(lib_a-strncmp.o)
                              Src\get_command.o (strncmp)
c:/program files (x86)/atollic/truestudio for stm32 9.3.0/armtools/bin/../lib/gcc/arm-atollic-eabi/6.3.1/../../../../arm-atollic-eabi/lib/armv6-m\libc_nano.a(lib_a-strncpy.o)
                              Src\instuction_sense.o (strncpy)
c:/program files (x86)/atollic/truestudio for stm32 9.3.0/armtools/bin/../lib/gcc/arm-atollic-eabi/6.3.1/../../../../arm-atollic-eabi/lib/armv6-m\libc_nano.a(lib_a-strtol.o)
                              c:/program files (x86)/atollic/truestudio for stm32 9.3.0/armtools/bin/../lib/gcc/arm-atollic-eabi/6.3.1/../../../../arm-atollic-eabi/lib/armv6-m\libc_nano.a(lib_a-atoi.o) (_strtol_r)
c:/program files (x86)/atollic/truestudio for stm32 9.3.0/armtools/bin/../lib/gcc/arm-atollic-eabi/6.3.1/../../../../arm-atollic-eabi/lib/armv6-m\libc_nano.a(lib_a-strupr.o)
                              Src\main.o (strupr)
c:/program files (x86)/atollic/truestudio for stm32 9.3.0/armtools/bin/../lib/gcc/arm-atollic-eabi/6.3.1/../../../../arm-atollic-eabi/lib/armv6-m\libc_nano.a(lib_a-locale.o)
                              c:/program files (x86)/atollic/truestudio for stm32 9.3.0/armtools/bin/../lib/gcc/arm-atollic-eabi/6.3.1/../../../../arm-atollic-eabi/lib/armv6-m\libc_nano.a(lib_a-strtol.o) (__locale_ctype_ptr_l)
c:/program files (x86)/atollic/truestudio for stm32 9.3.0/armtools/bin/../lib/gcc/arm-atollic-eabi/6.3.1/../../../../arm-atollic-eabi/lib/armv6-m\libc_nano.a(lib_a-mbtowc_r.o)
                              c:/program files (x86)/atollic/truestudio for stm32 9.3.0/armtools/bin/../lib/gcc/arm-atollic-eabi/6.3.1/../../../../arm-atollic-eabi/lib/armv6-m\libc_nano.a(lib_a-locale.o) (__ascii_mbtowc)
c:/program files (x86)/atollic/truestudio for stm32 9.3.0/armtools/bin/../lib/gcc/arm-atollic-eabi/6.3.1/../../../../arm-atollic-eabi/lib/armv6-m\libc_nano.a(lib_a-nano-svfprintf.o)
                              c:/program files (x86)/atollic/truestudio for stm32 9.3.0/armtools/bin/../lib/gcc/arm-atollic-eabi/6.3.1/../../../../arm-atollic-eabi/lib/armv6-m\libc_nano.a(lib_a-sprintf.o) (_svfprintf_r)
c:/program files (x86)/atollic/truestudio for stm32 9.3.0/armtools/bin/../lib/gcc/arm-atollic-eabi/6.3.1/../../../../arm-atollic-eabi/lib/armv6-m\libc_nano.a(lib_a-nano-vfprintf_i.o)
[...]
Memory Configuration

Name             Origin             Length             Attributes
RAM              0x20000000         0x00008000         xrw
FLASH            0x08000000         0x00040000         xr
*default*        0x00000000         0xffffffff

Linker script and memory map

LOAD c:/program files (x86)/atollic/truestudio for stm32 9.3.0/armtools/bin/../lib/gcc/arm-atollic-eabi/6.3.1/armv6-m/crti.o
LOAD c:/program files (x86)/atollic/truestudio for stm32 9.3.0/armtools/bin/../lib/gcc/arm-atollic-eabi/6.3.1/armv6-m/crtbegin.o
LOAD Drivers\STM32F0xx_HAL_Driver\Src\stm32f0xx_hal.o
LOAD Drivers\STM32F0xx_HAL_Driver\Src\stm32f0xx_hal_cortex.o
LOAD Drivers\STM32F0xx_HAL_Driver\Src\stm32f0xx_hal_dma.o
LOAD Drivers\STM32F0xx_HAL_Driver\Src\stm32f0xx_hal_exti.o
LOAD Drivers\STM32F0xx_HAL_Driver\Src\stm32f0xx_hal_flash.o
LOAD Drivers\STM32F0xx_HAL_Driver\Src\stm32f0xx_hal_flash_ex.o
LOAD Drivers\STM32F0xx_HAL_Driver\Src\stm32f0xx_hal_gpio.o
LOAD Drivers\STM32F0xx_HAL_Driver\Src\stm32f0xx_hal_i2c.o
LOAD Drivers\STM32F0xx_HAL_Driver\Src\stm32f0xx_hal_i2c_ex.o
LOAD Drivers\STM32F0xx_HAL_Driver\Src\stm32f0xx_hal_pwr.o
LOAD Drivers\STM32F0xx_HAL_Driver\Src\stm32f0xx_hal_pwr_ex.o
LOAD Drivers\STM32F0xx_HAL_Driver\Src\stm32f0xx_hal_rcc.o
LOAD Drivers\STM32F0xx_HAL_Driver\Src\stm32f0xx_hal_rcc_ex.o
LOAD Drivers\STM32F0xx_HAL_Driver\Src\stm32f0xx_hal_tim.o
LOAD Drivers\STM32F0xx_HAL_Driver\Src\stm32f0xx_hal_tim_ex.o
LOAD Drivers\STM32F0xx_HAL_Driver\Src\stm32f0xx_hal_uart.o
LOAD Drivers\STM32F0xx_HAL_Driver\Src\stm32f0xx_hal_uart_ex.o
LOAD Src\accel_and_gyro_output.o
LOAD Src\acceleration_wakeup_init.o
LOAD Src\accelerometer_init_deinit.o
LOAD Src\accelerometer_output_data.o
LOAD Src\accelerometer_referance_value_calculation.o
LOAD Src\activity_inactivity_Init.o
LOAD Src\activity_sense.o
LOAD Src\device_orientation_wakeup_init_deinit.o
LOAD Src\dma.o
LOAD Src\forward_axes_find.o
LOAD Src\forward_axes_sense_wakeup_init.o
LOAD Src\get_command.o
LOAD Src\gpio.o
LOAD Src\gyroscope_init_deinit.o
LOAD Src\gyroscope_output_data.o
LOAD Src\gyroscope_referance_value_calculation.o
LOAD Src\harsh_acceleration_brake_function_wakeup_threshold_optimization.o
LOAD Src\harsh_acceleration_harsh_brake_find.o
LOAD Src\highest_element.o
LOAD Src\i2c.o
LOAD Src\imu_init.o
LOAD Src\instruction_check.o
LOAD Src\instuction_sense.o
LOAD Src\main.o
LOAD Src\rash_turn_detection.o
LOAD Src\rash_turn_threshold_optimization.o
LOAD Src\referance_tilt_calculation.o
LOAD Src\set_command.o
LOAD Src\side_axes_find.o
LOAD Src\sleep_enter.o
LOAD Src\stm32f0xx_hal_msp.o
LOAD Src\stm32f0xx_it.o
LOAD Src\syscalls.o
LOAD Src\system_stm32f0xx.o
LOAD Src\tilt_calculation.o
LOAD Src\tim.o
LOAD Src\uart_dma_start.o
LOAD Src\usart.o
LOAD Src\wakeup_detection.o
LOAD Src\wakeup_init.o
LOAD startup\startup_stm32f091xc.o
                0x00000080                malloc_getpagesize_P = 0x80
START GROUP
LOAD c:/program files (x86)/atollic/truestudio for stm32 9.3.0/armtools/bin/../lib/gcc/arm-atollic-eabi/6.3.1/../../../../arm-atollic-eabi/lib/armv6-m\libc_nano.a
LOAD c:/program files (x86)/atollic/truestudio for stm32 9.3.0/armtools/bin/../lib/gcc/arm-atollic-eabi/6.3.1/../../../../arm-atollic-eabi/lib/armv6-m\libm.a
END GROUP
START GROUP
LOAD c:/program files (x86)/atollic/truestudio for stm32 9.3.0/armtools/bin/../lib/gcc/arm-atollic-eabi/6.3.1/armv6-m\libgcc.a
LOAD c:/program files (x86)/atollic/truestudio for stm32 9.3.0/armtools/bin/../lib/gcc/arm-atollic-eabi/6.3.1/../../../../arm-atollic-eabi/lib/armv6-m\libc_nano.a
END GROUP
START GROUP
LOAD c:/program files (x86)/atollic/truestudio for stm32 9.3.0/armtools/bin/../lib/gcc/arm-atollic-eabi/6.3.1/armv6-m\libgcc.a
LOAD c:/program files (x86)/atollic/truestudio for stm32 9.3.0/armtools/bin/../lib/gcc/arm-atollic-eabi/6.3.1/../../../../arm-atollic-eabi/lib/armv6-m\libc_nano.a
LOAD c:/program files (x86)/atollic/truestudio for stm32 9.3.0/armtools/bin/../lib/gcc/arm-atollic-eabi/6.3.1/../../../../arm-atollic-eabi/lib/armv6-m\libnosys.a
END GROUP
START GROUP
LOAD c:/program files (x86)/atollic/truestudio for stm32 9.3.0/armtools/bin/../lib/gcc/arm-atollic-eabi/6.3.1/armv6-m\libgcc.a
LOAD c:/program files (x86)/atollic/truestudio for stm32 9.3.0/armtools/bin/../lib/gcc/arm-atollic-eabi/6.3.1/../../../../arm-atollic-eabi/lib/armv6-m\libc_nano.a
LOAD c:/program files (x86)/atollic/truestudio for stm32 9.3.0/armtools/bin/../lib/gcc/arm-atollic-eabi/6.3.1/../../../../arm-atollic-eabi/lib/armv6-m\libnosys.a
END GROUP
LOAD c:/program files (x86)/atollic/truestudio for stm32 9.3.0/armtools/bin/../lib/gcc/arm-atollic-eabi/6.3.1/armv6-m/crtend.o
LOAD c:/program files (x86)/atollic/truestudio for stm32 9.3.0/armtools/bin/../lib/gcc/arm-atollic-eabi/6.3.1/armv6-m/crtn.o
                0x20008000                _estack = 0x20008000
                0x00000200                _Min_Heap_Size = 0x200
                0x00000400                _Min_Stack_Size = 0x400

.isr_vector     0x08000000       0xbc
                0x08000000                . = ALIGN (0x4)
 *(.isr_vector)
 .isr_vector    0x08000000       0xbc startup\startup_stm32f091xc.o
                0x08000000                g_pfnVectors
                0x080000bc                . = ALIGN (0x4)

.text           0x080000bc     0xe20c
                0x080000bc                . = ALIGN (0x4)
 *(.text)
 .text          0x080000bc       0x48 c:/program files (x86)/atollic/truestudio for stm32 9.3.0/armtools/bin/../lib/gcc/arm-atollic-eabi/6.3.1/armv6-m/crtbegin.o
 .text          0x08000104        0xe c:/program files (x86)/atollic/truestudio for stm32 9.3.0/armtools/bin/../lib/gcc/arm-atollic-eabi/6.3.1/../../../../arm-atollic-eabi/lib/armv6-m\libc_nano.a(lib_a-strlen.o)
                0x08000104                strlen
 *fill*         0x08000112        0x2 
 .text          0x08000114       0x14 c:/program files (x86)/atollic/truestudio for stm32 9.3.0/armtools/bin/../lib/gcc/arm-atollic-eabi/6.3.1/armv6-m\libgcc.a(_thumb1_case_uqi.o)
                0x08000114                __gnu_thumb1_case_uqi
 .text          0x08000128       0x14 c:/program files (x86)/atollic/truestudio for stm32 9.3.0/armtools/bin/../lib/gcc/arm-atollic-eabi/6.3.1/armv6-m\libgcc.a(_thumb1_case_shi.o)
                0x08000128                __gnu_thumb1_case_shi
 .text          0x0800013c       0x14 c:/program files (x86)/atollic/truestudio for stm32 9.3.0/armtools/bin/../lib/gcc/arm-atollic-eabi/6.3.1/armv6-m\libgcc.a(_thumb1_case_uhi.o)
                0x0800013c                __gnu_thumb1_case_uhi
 .text          0x08000150      0x114 c:/program files (x86)/atollic/truestudio for stm32 9.3.0/armtools/bin/../lib/gcc/arm-atollic-eabi/6.3.1/armv6-m\libgcc.a(_udivsi3.o)
                0x08000150                __aeabi_uidiv
                0x08000150                __udivsi3
                0x0800025c                __aeabi_uidivmod
 .text          0x08000264      0x1d4 c:/program files (x86)/atollic/truestudio for stm32 9.3.0/armtools/bin/../lib/gcc/arm-atollic-eabi/6.3.1/armv6-m\libgcc.a(_divsi3.o)
                0x08000264                __divsi3
                0x08000264                __aeabi_idiv
                0x08000430                __aeabi_idivmod
 .text          0x08000438        0x4 c:/program files (x86)/atollic/truestudio for stm32 9.3.0/armtools/bin/../lib/gcc/arm-atollic-eabi/6.3.1/armv6-m\libgcc.a(_dvmd_tls.o)
                0x08000438                __aeabi_idiv0
                0x08000438                __aeabi_ldiv0
 .text          0x0800043c       0x7c c:/program files (x86)/atollic/truestudio for stm32 9.3.0/armtools/bin/../lib/gcc/arm-atollic-eabi/6.3.1/armv6-m\libgcc.a(_arm_cmpdf2.o)
                0x0800043c                __aeabi_cdrcmple
                0x0800044c                __aeabi_cdcmple
                0x0800044c                __aeabi_cdcmpeq
                0x0800045c                __aeabi_dcmpeq
                0x08000468                __aeabi_dcmplt
                0x0800047c                __aeabi_dcmple
                0x08000490                __aeabi_dcmpgt
                0x080004a4                __aeabi_dcmpge
 .text          0x080004b8       0x74 c:/program files (x86)/atollic/truestudio for stm32 9.3.0/armtools/bin/../lib/gcc/arm-atollic-eabi/6.3.1/armv6-m\libgcc.a(_arm_cmpsf2.o)
                0x080004b8                __aeabi_cfrcmple
                0x080004c0                __aeabi_cfcmpeq
                0x080004c0                __aeabi_cfcmple
                0x080004d0                __aeabi_fcmpeq
                0x080004dc                __aeabi_fcmplt
                0x080004f0                __aeabi_fcmple
                0x08000504                __aeabi_fcmpgt
                0x08000518                __aeabi_fcmpge
 .text          0x0800052c       0x3c c:/program files (x86)/atollic/truestudio for stm32 9.3.0/armtools/bin/../lib/gcc/arm-atollic-eabi/6.3.1/armv6-m\libgcc.a(_fixunsdfsi.o)
                0x0800052c                __aeabi_d2uiz
                0x0800052c                __fixunsdfsi
 .text          0x08000568      0x324 c:/program files (x86)/atollic/truestudio for stm32 9.3.0/armtools/bin/../lib/gcc/arm-atollic-eabi/6.3.1/armv6-m\libgcc.a(addsf3.o)
                0x08000568                __aeabi_fadd
 .text          0x0800088c      0x290 c:/program files (x86)/atollic/truestudio for stm32 9.3.0/armtools/bin/../lib/gcc/arm-atollic-eabi/6.3.1/armv6-m\libgcc.a(divsf3.o)
                0x0800088c                __aeabi_fdiv
 .text          0x08000b1c       0x4c c:/program files (x86)/atollic/truestudio for stm32 9.3.0/armtools/bin/../lib/gcc/arm-atollic-eabi/6.3.1/armv6-m\libgcc.a(eqsf2.o)
                0x08000b1c                __eqsf2
                0x08000b1c                __nesf2
 .text          0x08000b68       0x80 c:/program files (x86)/atollic/truestudio for stm32 9.3.0/armtools/bin/../lib/gcc/arm-atollic-eabi/6.3.1/armv6-m\libgcc.a(gesf2.o)
                0x08000b68                __gesf2
                0x08000b68                __gtsf2
 .text          0x08000be8       0x84 c:/program files (x86)/atollic/truestudio for stm32 9.3.0/armtools/bin/../lib/gcc/arm-atollic-eabi/6.3.1/armv6-m\libgcc.a(lesf2.o)
                0x08000be8                __ltsf2
                0x08000be8                __lesf2
 .text          0x08000c6c      0x240 c:/program files (x86)/atollic/truestudio for stm32 9.3.0/armtools/bin/../lib/gcc/arm-atollic-eabi/6.3.1/armv6-m\libgcc.a(mulsf3.o)
                0x08000c6c                __aeabi_fmul
 .text          0x08000eac       0x40 c:/program files (x86)/atollic/truestudio for stm32 9.3.0/armtools/bin/../lib/gcc/arm-atollic-eabi/6.3.1/armv6-m\libgcc.a(fixsfsi.o)
                0x08000eac                __aeabi_f2iz
 .text          0x08000eec       0xa0 c:/program files (x86)/atollic/truestudio for stm32 9.3.0/armtools/bin/../lib/gcc/arm-atollic-eabi/6.3.1/armv6-m\libgcc.a(floatsisf.o)
                0x08000eec                __aeabi_i2f
 .text          0x08000f8c       0x8c c:/program files (x86)/atollic/truestudio for stm32 9.3.0/armtools/bin/../lib/gcc/arm-atollic-eabi/6.3.1/armv6-m\libgcc.a(floatunsisf.o)
                0x08000f8c                __aeabi_ui2f
 .text          0x08001018      0x620 c:/program files (x86)/atollic/truestudio for stm32 9.3.0/armtools/bin/../lib/gcc/arm-atollic-eabi/6.3.1/armv6-m\libgcc.a(adddf3.o)
                0x08001018                __aeabi_dadd
 .text          0x08001638      0x668 c:/program files (x86)/atollic/truestudio for stm32 9.3.0/armtools/bin/../lib/gcc/arm-atollic-eabi/6.3.1/armv6-m\libgcc.a(divdf3.o)
                0x08001638                __aeabi_ddiv
 .text          0x08001ca0       0x74 c:/program files (x86)/atollic/truestudio for stm32 9.3.0/armtools/bin/../lib/gcc/arm-atollic-eabi/6.3.1/armv6-m\libgcc.a(eqdf2.o)
                0x08001ca0                __nedf2
                0x08001ca0                __eqdf2
 .text          0x08001d14       0xc8 c:/program files (x86)/atollic/truestudio for stm32 9.3.0/armtools/bin/../lib/gcc/arm-atollic-eabi/6.3.1/armv6-m\libgcc.a(gedf2.o)
                0x08001d14                __gedf2
                0x08001d14                __gtdf2
 .text          0x08001ddc       0xc4 c:/program files (x86)/atollic/truestudio for stm32 9.3.0/armtools/bin/../lib/gcc/arm-atollic-eabi/6.3.1/armv6-m\libgcc.a(ledf2.o)
                0x08001ddc                __ledf2
                0x08001ddc                __ltdf2
 .text          0x08001ea0      0x500 c:/program files (x86)/atollic/truestudio for stm32 9.3.0/armtools/bin/../lib/gcc/arm-atollic-eabi/6.3.1/armv6-m\libgcc.a(muldf3.o)
                0x08001ea0                __aeabi_dmul
 .text          0x080023a0      0x62c c:/program files (x86)/atollic/truestudio for stm32 9.3.0/armtools/bin/../lib/gcc/arm-atollic-eabi/6.3.1/armv6-m\libgcc.a(subdf3.o)
                0x080023a0                __aeabi_dsub
 .text          0x080029cc       0x40 c:/program files (x86)/atollic/truestudio for stm32 9.3.0/armtools/bin/../lib/gcc/arm-atollic-eabi/6.3.1/armv6-m\libgcc.a(unorddf2.o)
                0x080029cc                __aeabi_dcmpun
 .text          0x08002a0c       0x68 c:/program files (x86)/atollic/truestudio for stm32 9.3.0/armtools/bin/../lib/gcc/arm-atollic-eabi/6.3.1/armv6-m\libgcc.a(fixdfsi.o)
                0x08002a0c                __aeabi_d2iz
 .text          0x08002a74       0x84 c:/program files (x86)/atollic/truestudio for stm32 9.3.0/armtools/bin/../lib/gcc/arm-atollic-eabi/6.3.1/armv6-m\libgcc.a(floatsidf.o)
                0x08002a74                __aeabi_i2d
 .text          0x08002af8       0xa4 c:/program files (x86)/atollic/truestudio for stm32 9.3.0/armtools/bin/../lib/gcc/arm-atollic-eabi/6.3.1/armv6-m\libgcc.a(extendsfdf2.o)
                0x08002af8                __aeabi_f2d
 .text          0x08002b9c      0x114 c:/program files (x86)/atollic/truestudio for stm32 9.3.0/armtools/bin/../lib/gcc/arm-atollic-eabi/6.3.1/armv6-m\libgcc.a(truncdfsf2.o)
                0x08002b9c                __aeabi_d2f
 .text          0x08002cb0       0x3c c:/program files (x86)/atollic/truestudio for stm32 9.3.0/armtools/bin/../lib/gcc/arm-atollic-eabi/6.3.1/armv6-m\libgcc.a(_clzsi2.o)
                0x08002cb0                __clzsi2
 *(.text*)
 .text.HAL_InitTick
                0x08002cec       0x48 Drivers\STM32F0xx_HAL_Driver\Src\stm32f0xx_hal.o
                0x08002cec                HAL_InitTick
 .text.HAL_Init
                0x08002d34       0x20 Drivers\STM32F0xx_HAL_Driver\Src\stm32f0xx_hal.o
                0x08002d34                HAL_Init
 .text.HAL_IncTick
                0x08002d54       0x18 Drivers\STM32F0xx_HAL_Driver\Src\stm32f0xx_hal.o
                0x08002d54                HAL_IncTick
 .text.HAL_GetTick
                0x08002d6c        0xc Drivers\STM32F0xx_HAL_Driver\Src\stm32f0xx_hal.o
                0x08002d6c                HAL_GetTick
 .text.HAL_Delay
                0x08002d78       0x24 Drivers\STM32F0xx_HAL_Driver\Src\stm32f0xx_hal.o
                0x08002d78                HAL_Delay
 .text.HAL_NVIC_SetPriority
                0x08002d9c       0x60 Drivers\STM32F0xx_HAL_Driver\Src\stm32f0xx_hal_cortex.o
                0x08002d9c                HAL_NVIC_SetPriority
 .text.HAL_NVIC_EnableIRQ
                0x08002dfc       0x18 Drivers\STM32F0xx_HAL_Driver\Src\stm32f0xx_hal_cortex.o
                0x08002dfc                HAL_NVIC_EnableIRQ
 .text.HAL_SYSTICK_Config
                0x08002e14       0x34 Drivers\STM32F0xx_HAL_Driver\Src\stm32f0xx_hal_cortex.o
                0x08002e14                HAL_SYSTICK_Config
 .text.DMA_CalcBaseAndBitshift
                0x08002e48       0x48 Drivers\STM32F0xx_HAL_Driver\Src\stm32f0xx_hal_dma.o
 .text.HAL_DMA_Init
                0x08002e90       0x50 Drivers\STM32F0xx_HAL_Driver\Src\stm32f0xx_hal_dma.o
                0x08002e90                HAL_DMA_Init
 .text.HAL_DMA_Start_IT
                0x08002ee0       0x76 Drivers\STM32F0xx_HAL_Driver\Src\stm32f0xx_hal_dma.o
                0x08002ee0                HAL_DMA_Start_IT
 .text.HAL_DMA_Abort_IT
                0x08002f56       0x46 Drivers\STM32F0xx_HAL_Driver\Src\stm32f0xx_hal_dma.o
                0x08002f56                HAL_DMA_Abort_IT
 .text.HAL_DMA_IRQHandler
                0x08002f9c       0x92 Drivers\STM32F0xx_HAL_Driver\Src\stm32f0xx_hal_dma.o
                0x08002f9c                HAL_DMA_IRQHandler
 *fill*         0x0800302e        0x2 
 .text.HAL_GPIO_Init
                0x08003030      0x178 Drivers\STM32F0xx_HAL_Driver\Src\stm32f0xx_hal_gpio.o
                0x08003030                HAL_GPIO_Init
 .text.HAL_GPIO_WritePin
                0x080031a8        0xc Drivers\STM32F0xx_HAL_Driver\Src\stm32f0xx_hal_gpio.o
                0x080031a8                HAL_GPIO_WritePin
 .text.HAL_GPIO_TogglePin
                0x080031b4        0xc Drivers\STM32F0xx_HAL_Driver\Src\stm32f0xx_hal_gpio.o
                0x080031b4                HAL_GPIO_TogglePin
 .text.I2C_Flush_TXDR
                0x080031c0       0x1c Drivers\STM32F0xx_HAL_Driver\Src\stm32f0xx_hal_i2c.o
 .text.I2C_TransferConfig
                0x080031dc       0x2c Drivers\STM32F0xx_HAL_Driver\Src\stm32f0xx_hal_i2c.o
 .text.I2C_Enable_IRQ
                0x08003208       0x68 Drivers\STM32F0xx_HAL_Driver\Src\stm32f0xx_hal_i2c.o
 .text.I2C_Disable_IRQ
                0x08003270       0x5e Drivers\STM32F0xx_HAL_Driver\Src\stm32f0xx_hal_i2c.o
 .text.I2C_WaitOnFlagUntilTimeout
                0x080032ce       0x50 Drivers\STM32F0xx_HAL_Driver\Src\stm32f0xx_hal_i2c.o
 *fill*         0x0800331e        0x2 
 .text.I2C_IsAcknowledgeFailed
                0x08003320       0x7c Drivers\STM32F0xx_HAL_Driver\Src\stm32f0xx_hal_i2c.o
 .text.I2C_WaitOnTXISFlagUntilTimeout
                0x0800339c       0x54 Drivers\STM32F0xx_HAL_Driver\Src\stm32f0xx_hal_i2c.o
 .text.I2C_RequestMemoryWrite
                0x080033f0       0x64 Drivers\STM32F0xx_HAL_Driver\Src\stm32f0xx_hal_i2c.o
 .text.I2C_RequestMemoryRead
                0x08003454       0x64 Drivers\STM32F0xx_HAL_Driver\Src\stm32f0xx_hal_i2c.o
 .text.HAL_I2C_Init
                0x080034b8       0xac Drivers\STM32F0xx_HAL_Driver\Src\stm32f0xx_hal_i2c.o
                0x080034b8                HAL_I2C_Init
 .text.HAL_I2C_Mem_Write_DMA
                0x08003564      0x14c Drivers\STM32F0xx_HAL_Driver\Src\stm32f0xx_hal_i2c.o
                0x08003564                HAL_I2C_Mem_Write_DMA
 .text.HAL_I2C_Mem_Read_DMA
                0x080036b0      0x154 Drivers\STM32F0xx_HAL_Driver\Src\stm32f0xx_hal_i2c.o
                0x080036b0                HAL_I2C_Mem_Read_DMA
 .text.HAL_I2C_IsDeviceReady
                0x08003804      0x124 Drivers\STM32F0xx_HAL_Driver\Src\stm32f0xx_hal_i2c.o
                0x08003804                HAL_I2C_IsDeviceReady
 .text.HAL_I2C_EV_IRQHandler
                0x08003928       0x12 Drivers\STM32F0xx_HAL_Driver\Src\stm32f0xx_hal_i2c.o
                0x08003928                HAL_I2C_EV_IRQHandler
 .text.HAL_I2C_MasterTxCpltCallback
                0x0800393a        0x2 Drivers\STM32F0xx_HAL_Driver\Src\stm32f0xx_hal_i2c.o
                0x0800393a                HAL_I2C_MasterTxCpltCallback
 .text.HAL_I2C_MasterRxCpltCallback
                0x0800393c        0x2 Drivers\STM32F0xx_HAL_Driver\Src\stm32f0xx_hal_i2c.o
                0x0800393c                HAL_I2C_MasterRxCpltCallback
 .text.I2C_ITMasterSeqCplt
                0x0800393e       0x48 Drivers\STM32F0xx_HAL_Driver\Src\stm32f0xx_hal_i2c.o
 .text.HAL_I2C_SlaveTxCpltCallback
                0x08003986        0x2 Drivers\STM32F0xx_HAL_Driver\Src\stm32f0xx_hal_i2c.o
                0x08003986                HAL_I2C_SlaveTxCpltCallback
 .text.HAL_I2C_SlaveRxCpltCallback
                0x08003988        0x2 Drivers\STM32F0xx_HAL_Driver\Src\stm32f0xx_hal_i2c.o
                0x08003988                HAL_I2C_SlaveRxCpltCallback
 .text.I2C_ITSlaveSeqCplt
                0x0800398a       0x52 Drivers\STM32F0xx_HAL_Driver\Src\stm32f0xx_hal_i2c.o
 .text.HAL_I2C_AddrCallback
                0x080039dc        0x2 Drivers\STM32F0xx_HAL_Driver\Src\stm32f0xx_hal_i2c.o
                0x080039dc                HAL_I2C_AddrCallback
 .text.I2C_ITAddrCplt.isra.8
                0x080039de       0x90 Drivers\STM32F0xx_HAL_Driver\Src\stm32f0xx_hal_i2c.o
 .text.HAL_I2C_ListenCpltCallback
                0x08003a6e        0x2 Drivers\STM32F0xx_HAL_Driver\Src\stm32f0xx_hal_i2c.o
                0x08003a6e                HAL_I2C_ListenCpltCallback
 .text.I2C_ITListenCplt
                0x08003a70       0x68 Drivers\STM32F0xx_HAL_Driver\Src\stm32f0xx_hal_i2c.o
 .text.HAL_I2C_AbortCpltCallback
                0x08003ad8        0x2 Drivers\STM32F0xx_HAL_Driver\Src\stm32f0xx_hal_i2c.o
                0x08003ad8                HAL_I2C_AbortCpltCallback
 *fill*         0x08003ada        0x2 
 .text.I2C_ITError
                0x08003adc       0xe4 Drivers\STM32F0xx_HAL_Driver\Src\stm32f0xx_hal_i2c.o
 .text.I2C_ITSlaveCplt
                0x08003bc0       0xf4 Drivers\STM32F0xx_HAL_Driver\Src\stm32f0xx_hal_i2c.o
 .text.I2C_Slave_ISR_IT
                0x08003cb4      0x124 Drivers\STM32F0xx_HAL_Driver\Src\stm32f0xx_hal_i2c.o
 .text.I2C_ITMasterCplt
                0x08003dd8       0xb4 Drivers\STM32F0xx_HAL_Driver\Src\stm32f0xx_hal_i2c.o
 .text.I2C_Slave_ISR_DMA
                0x08003e8c       0xec Drivers\STM32F0xx_HAL_Driver\Src\stm32f0xx_hal_i2c.o
 .text.I2C_Master_ISR_DMA
                0x08003f78      0x110 Drivers\STM32F0xx_HAL_Driver\Src\stm32f0xx_hal_i2c.o
 .text.I2C_DMAError
                0x08004088       0x18 Drivers\STM32F0xx_HAL_Driver\Src\stm32f0xx_hal_i2c.o
 .text.I2C_DMAMasterTransmitCplt
                0x080040a0       0x50 Drivers\STM32F0xx_HAL_Driver\Src\stm32f0xx_hal_i2c.o
 .text.I2C_DMAMasterReceiveCplt
                0x080040f0       0x50 Drivers\STM32F0xx_HAL_Driver\Src\stm32f0xx_hal_i2c.o
 .text.HAL_I2C_ER_IRQHandler
                0x08004140       0x58 Drivers\STM32F0xx_HAL_Driver\Src\stm32f0xx_hal_i2c.o
                0x08004140                HAL_I2C_ER_IRQHandler
 .text.I2C_DMAAbort
                0x08004198       0x28 Drivers\STM32F0xx_HAL_Driver\Src\stm32f0xx_hal_i2c.o
 .text.HAL_I2CEx_ConfigAnalogFilter
                0x080041c0       0x4c Drivers\STM32F0xx_HAL_Driver\Src\stm32f0xx_hal_i2c_ex.o
                0x080041c0                HAL_I2CEx_ConfigAnalogFilter
 .text.HAL_I2CEx_ConfigDigitalFilter
                0x0800420c       0x48 Drivers\STM32F0xx_HAL_Driver\Src\stm32f0xx_hal_i2c_ex.o
                0x0800420c                HAL_I2CEx_ConfigDigitalFilter
 .text.HAL_RCC_OscConfig
                0x08004254      0x4a0 Drivers\STM32F0xx_HAL_Driver\Src\stm32f0xx_hal_rcc.o
                0x08004254                HAL_RCC_OscConfig
 .text.HAL_RCC_GetSysClockFreq
                0x080046f4       0x78 Drivers\STM32F0xx_HAL_Driver\Src\stm32f0xx_hal_rcc.o
                0x080046f4                HAL_RCC_GetSysClockFreq
 .text.HAL_RCC_ClockConfig
                0x0800476c      0x118 Drivers\STM32F0xx_HAL_Driver\Src\stm32f0xx_hal_rcc.o
                0x0800476c                HAL_RCC_ClockConfig
 .text.HAL_RCC_GetPCLK1Freq
                0x08004884       0x20 Drivers\STM32F0xx_HAL_Driver\Src\stm32f0xx_hal_rcc.o
                0x08004884                HAL_RCC_GetPCLK1Freq
 .text.HAL_RCCEx_PeriphCLKConfig
                0x080048a4      0x144 Drivers\STM32F0xx_HAL_Driver\Src\stm32f0xx_hal_rcc_ex.o
                0x080048a4                HAL_RCCEx_PeriphCLKConfig
 .text.HAL_TIM_Base_Start_IT
                0x080049e8       0x1e Drivers\STM32F0xx_HAL_Driver\Src\stm32f0xx_hal_tim.o
                0x080049e8                HAL_TIM_Base_Start_IT
 .text.HAL_TIM_OC_DelayElapsedCallback
                0x08004a06        0x2 Drivers\STM32F0xx_HAL_Driver\Src\stm32f0xx_hal_tim.o
                0x08004a06                HAL_TIM_OC_DelayElapsedCallback
 .text.HAL_TIM_IC_CaptureCallback
                0x08004a08        0x2 Drivers\STM32F0xx_HAL_Driver\Src\stm32f0xx_hal_tim.o
                0x08004a08                HAL_TIM_IC_CaptureCallback
 .text.HAL_TIM_PWM_PulseFinishedCallback
                0x08004a0a        0x2 Drivers\STM32F0xx_HAL_Driver\Src\stm32f0xx_hal_tim.o
                0x08004a0a                HAL_TIM_PWM_PulseFinishedCallback
 .text.HAL_TIM_TriggerCallback
                0x08004a0c        0x2 Drivers\STM32F0xx_HAL_Driver\Src\stm32f0xx_hal_tim.o
                0x08004a0c                HAL_TIM_TriggerCallback
 .text.HAL_TIM_IRQHandler
                0x08004a0e      0x148 Drivers\STM32F0xx_HAL_Driver\Src\stm32f0xx_hal_tim.o
                0x08004a0e                HAL_TIM_IRQHandler
 *fill*         0x08004b56        0x2 
 .text.TIM_Base_SetConfig
                0x08004b58       0xa0 Drivers\STM32F0xx_HAL_Driver\Src\stm32f0xx_hal_tim.o
                0x08004b58                TIM_Base_SetConfig
 .text.HAL_TIM_Base_Init
                0x08004bf8       0x36 Drivers\STM32F0xx_HAL_Driver\Src\stm32f0xx_hal_tim.o
                0x08004bf8                HAL_TIM_Base_Init
 *fill*         0x08004c2e        0x2 
 .text.HAL_TIMEx_MasterConfigSynchronization
                0x08004c30       0x68 Drivers\STM32F0xx_HAL_Driver\Src\stm32f0xx_hal_tim_ex.o
                0x08004c30                HAL_TIMEx_MasterConfigSynchronization
 .text.HAL_TIMEx_CommutCallback
                0x08004c98        0x2 Drivers\STM32F0xx_HAL_Driver\Src\stm32f0xx_hal_tim_ex.o
                0x08004c98                HAL_TIMEx_CommutCallback
 .text.HAL_TIMEx_BreakCallback
                0x08004c9a        0x2 Drivers\STM32F0xx_HAL_Driver\Src\stm32f0xx_hal_tim_ex.o
                0x08004c9a                HAL_TIMEx_BreakCallback
 .text.UART_EndRxTransfer
                0x08004c9c       0x24 Drivers\STM32F0xx_HAL_Driver\Src\stm32f0xx_hal_uart.o
 .text.HAL_UART_Transmit_DMA
                0x08004cc0       0x9c Drivers\STM32F0xx_HAL_Driver\Src\stm32f0xx_hal_uart.o
                0x08004cc0                HAL_UART_Transmit_DMA
 .text.HAL_UART_Receive_DMA
                0x08004d5c       0xb0 Drivers\STM32F0xx_HAL_Driver\Src\stm32f0xx_hal_uart.o
                0x08004d5c                HAL_UART_Receive_DMA
 .text.UART_DMATransmitCplt
                0x08004e0c       0x2e Drivers\STM32F0xx_HAL_Driver\Src\stm32f0xx_hal_uart.o
 .text.HAL_UART_TxHalfCpltCallback
                0x08004e3a        0x2 Drivers\STM32F0xx_HAL_Driver\Src\stm32f0xx_hal_uart.o
                0x08004e3a                HAL_UART_TxHalfCpltCallback
 .text.UART_DMATxHalfCplt
                0x08004e3c        0xa Drivers\STM32F0xx_HAL_Driver\Src\stm32f0xx_hal_uart.o
 *fill*         0x08004e46        0x2 
 .text.UART_DMAReceiveCplt
                0x08004e48       0x40 Drivers\STM32F0xx_HAL_Driver\Src\stm32f0xx_hal_uart.o
 .text.HAL_UART_RxHalfCpltCallback
                0x08004e88        0x2 Drivers\STM32F0xx_HAL_Driver\Src\stm32f0xx_hal_uart.o
                0x08004e88                HAL_UART_RxHalfCpltCallback
 .text.UART_DMARxHalfCplt
                0x08004e8a        0xa Drivers\STM32F0xx_HAL_Driver\Src\stm32f0xx_hal_uart.o
 .text.HAL_UART_ErrorCallback
                0x08004e94        0x2 Drivers\STM32F0xx_HAL_Driver\Src\stm32f0xx_hal_uart.o
                0x08004e94                HAL_UART_ErrorCallback
 .text.UART_DMAError
                0x08004e96       0x50 Drivers\STM32F0xx_HAL_Driver\Src\stm32f0xx_hal_uart.o
 *fill*         0x08004ee6        0x2 
 .text.HAL_UART_IRQHandler
                0x08004ee8      0x154 Drivers\STM32F0xx_HAL_Driver\Src\stm32f0xx_hal_uart.o
                0x08004ee8                HAL_UART_IRQHandler
 .text.UART_DMAAbortOnError
                0x0800503c       0x16 Drivers\STM32F0xx_HAL_Driver\Src\stm32f0xx_hal_uart.o
 *fill*         0x08005052        0x2 
 .text.UART_SetConfig
                0x08005054      0x1ec Drivers\STM32F0xx_HAL_Driver\Src\stm32f0xx_hal_uart.o
                0x08005054                UART_SetConfig
 .text.UART_AdvFeatureConfig
                0x08005240       0xd0 Drivers\STM32F0xx_HAL_Driver\Src\stm32f0xx_hal_uart.o
                0x08005240                UART_AdvFeatureConfig
 .text.UART_WaitOnFlagUntilTimeout
                0x08005310       0x90 Drivers\STM32F0xx_HAL_Driver\Src\stm32f0xx_hal_uart.o
                0x08005310                UART_WaitOnFlagUntilTimeout
 .text.UART_CheckIdleState
                0x080053a0       0x60 Drivers\STM32F0xx_HAL_Driver\Src\stm32f0xx_hal_uart.o
                0x080053a0                UART_CheckIdleState
 .text.HAL_UART_Init
                0x08005400       0x64 Drivers\STM32F0xx_HAL_Driver\Src\stm32f0xx_hal_uart.o
                0x08005400                HAL_UART_Init
 .text.HAL_UARTEx_WakeupCallback
                0x08005464        0x2 Drivers\STM32F0xx_HAL_Driver\Src\stm32f0xx_hal_uart_ex.o
                0x08005464                HAL_UARTEx_WakeupCallback
 *fill*         0x08005466        0x2 
 .text.USER_Acceleration_Wakeup_Init
                0x08005468      0x304 Src\acceleration_wakeup_init.o
                0x08005468                USER_Acceleration_Wakeup_Init
 .text.USER_Device_Orientation_Accelerometer_Init
                0x0800576c      0x2dc Src\accelerometer_init_deinit.o
                0x0800576c                USER_Device_Orientation_Accelerometer_Init
 .text.USER_Forward_axes_and_Tilt_Accelerometer_Init
                0x08005a48      0x2e0 Src\accelerometer_init_deinit.o
                0x08005a48                USER_Forward_axes_and_Tilt_Accelerometer_Init
 .text.USER_Device_Orientation_Accelerometer_DeInit
                0x08005d28      0x100 Src\accelerometer_init_deinit.o
                0x08005d28                USER_Device_Orientation_Accelerometer_DeInit
 .text.USER_Accelerometer_Referance_Value_Calculation
                0x08005e28      0x3a4 Src\accelerometer_referance_value_calculation.o
                0x08005e28                USER_Accelerometer_Referance_Value_Calculation
 .text.USER_Device_Orientation_WakeUp_init
                0x080061cc      0x308 Src\device_orientation_wakeup_init_deinit.o
                0x080061cc                USER_Device_Orientation_WakeUp_init
 .text.USER_Device_Orientation_WakeUp_DeInit
                0x080064d4      0x18c Src\device_orientation_wakeup_init_deinit.o
                0x080064d4                USER_Device_Orientation_WakeUp_DeInit
 .text.MX_DMA_Init
                0x08006660       0x5c Src\dma.o
                0x08006660                MX_DMA_Init
 .text.USER_Forward_axes_Find
                0x080066bc      0x4d0 Src\forward_axes_find.o
                0x080066bc                USER_Forward_axes_Find
 .text.USER_forward_axes_sense_Wakeup_Init
                0x08006b8c      0x2e8 Src\forward_axes_sense_wakeup_init.o
                0x08006b8c                USER_forward_axes_sense_Wakeup_Init
 .text.USER_GET_Command
                0x08006e74      0xdf8 Src\get_command.o
                0x08006e74                USER_GET_Command
 .text.MX_GPIO_Init
                0x08007c6c       0x9c Src\gpio.o
                0x08007c6c                MX_GPIO_Init
 .text.USER_Rash_Turn_Gyroscope_Init
                0x08007d08      0x2fc Src\gyroscope_init_deinit.o
                0x08007d08                USER_Rash_Turn_Gyroscope_Init
 .text.USER_Harsh_Acceleration_Brake_Function_Wakeup_Threshold_Optimize
                0x08008004      0x144 Src\harsh_acceleration_brake_function_wakeup_threshold_optimization.o
                0x08008004                USER_Harsh_Acceleration_Brake_Function_Wakeup_Threshold_Optimize
 .text.USER_Harsh_Acceleration_Harsh_brake_Find
                0x08008148      0x3c0 Src\harsh_acceleration_harsh_brake_find.o
                0x08008148                USER_Harsh_Acceleration_Harsh_brake_Find
 .text.USER_Highest_Element_of_an_Array_int16_t
                0x08008508       0x94 Src\highest_element.o
                0x08008508                USER_Highest_Element_of_an_Array_int16_t
 .text.USER_Highest_Element_of_an_Array_int8_t
                0x0800859c       0x90 Src\highest_element.o
                0x0800859c                USER_Highest_Element_of_an_Array_int8_t
 .text.MX_I2C2_Init
                0x0800862c       0x60 Src\i2c.o
                0x0800862c                MX_I2C2_Init
 .text.HAL_I2C_MspInit
                0x0800868c      0x114 Src\i2c.o
                0x0800868c                HAL_I2C_MspInit
 .text.USER_IMU_Init
                0x080087a0       0x4c Src\imu_init.o
                0x080087a0                USER_IMU_Init
 .text.USER_Instruction_CHECK
                0x080087ec       0x38 Src\instruction_check.o
                0x080087ec                USER_Instruction_CHECK
 .text.USER_Instruction_Sense
                0x08008824       0x3c Src\instuction_sense.o
                0x08008824                USER_Instruction_Sense
 .text.HAL_I2C_MemTxCpltCallback
                0x08008860        0xc Src\main.o
                0x08008860                HAL_I2C_MemTxCpltCallback
 .text.HAL_I2C_MemRxCpltCallback
                0x0800886c        0xc Src\main.o
                0x0800886c                HAL_I2C_MemRxCpltCallback
 .text.HAL_I2C_ErrorCallback
                0x08008878       0x1c Src\main.o
                0x08008878                HAL_I2C_ErrorCallback
 .text.HAL_UART_TxCpltCallback
                0x08008894        0xc Src\main.o
                0x08008894                HAL_UART_TxCpltCallback
 .text.HAL_UART_RxCpltCallback
                0x080088a0        0xc Src\main.o
                0x080088a0                HAL_UART_RxCpltCallback
 .text.HAL_TIM_PeriodElapsedCallback
                0x080088ac       0x7c Src\main.o
                0x080088ac                HAL_TIM_PeriodElapsedCallback
 .text.Error_Handler
                0x08008928       0x1c Src\main.o
                0x08008928                Error_Handler
 .text.SystemClock_Config
                0x08008944       0x66 Src\main.o
                0x08008944                SystemClock_Config
 *fill*         0x080089aa        0x2 
 .text.startup.main
                0x080089ac      0x104 Src\main.o
                0x080089ac                main
 .text.USER_Rash_Turn_Detection
                0x08008ab0      0x28c Src\rash_turn_detection.o
                0x08008ab0                USER_Rash_Turn_Detection
 .text.RASH_Turn_Threshold_Optimize
                0x08008d3c      0x120 Src\rash_turn_threshold_optimization.o
                0x08008d3c                RASH_Turn_Threshold_Optimize
 .text.USER_Referance_Tilt_Calculation_without_Gravity_axes
                0x08008e5c       0x70 Src\referance_tilt_calculation.o
                0x08008e5c                USER_Referance_Tilt_Calculation_without_Gravity_axes
 .text.USER_Referance_Tilt_Calculation_without_Forward_axes
                0x08008ecc      0x580 Src\referance_tilt_calculation.o
                0x08008ecc                USER_Referance_Tilt_Calculation_without_Forward_axes
 .text.USER_Referance_Tilt_Calculation_with_Forward_axes
                0x0800944c      0x108 Src\referance_tilt_calculation.o
                0x0800944c                USER_Referance_Tilt_Calculation_with_Forward_axes
 .text.USER_Referance_Tilt_Calculation
                0x08009554       0x2c Src\referance_tilt_calculation.o
                0x08009554                USER_Referance_Tilt_Calculation
 .text.USER_SET_Command
                0x08009580     0x151c Src\set_command.o
                0x08009580                USER_SET_Command
 .text.USER_Side_Axes_Find
                0x0800aa9c      0x228 Src\side_axes_find.o
                0x0800aa9c                USER_Side_Axes_Find
 .text.USER_Sleep_Enter
                0x0800acc4       0xa0 Src\sleep_enter.o
                0x0800acc4                USER_Sleep_Enter
 .text.HAL_MspInit
                0x0800ad64       0x30 Src\stm32f0xx_hal_msp.o
                0x0800ad64                HAL_MspInit
 .text.NMI_Handler
                0x0800ad94        0x2 Src\stm32f0xx_it.o
                0x0800ad94                NMI_Handler
 .text.HardFault_Handler
                0x0800ad96        0x2 Src\stm32f0xx_it.o
                0x0800ad96                HardFault_Handler
 .text.SVC_Handler
                0x0800ad98        0x2 Src\stm32f0xx_it.o
                0x0800ad98                SVC_Handler
 .text.PendSV_Handler
                0x0800ad9a        0x2 Src\stm32f0xx_it.o
                0x0800ad9a                PendSV_Handler
 .text.SysTick_Handler
                0x0800ad9c        0x8 Src\stm32f0xx_it.o
                0x0800ad9c                SysTick_Handler
 .text.DMA1_Ch1_IRQHandler
                0x0800ada4       0x10 Src\stm32f0xx_it.o
                0x0800ada4                DMA1_Ch1_IRQHandler
 .text.DMA1_Ch2_3_DMA2_Ch1_2_IRQHandler
                0x0800adb4       0x18 Src\stm32f0xx_it.o
                0x0800adb4                DMA1_Ch2_3_DMA2_Ch1_2_IRQHandler
 .text.DMA1_Ch4_7_DMA2_Ch3_5_IRQHandler
                0x0800adcc       0x10 Src\stm32f0xx_it.o
                0x0800adcc                DMA1_Ch4_7_DMA2_Ch3_5_IRQHandler
 .text.TIM6_DAC_IRQHandler
                0x0800addc       0x10 Src\stm32f0xx_it.o
                0x0800addc                TIM6_DAC_IRQHandler
 .text.I2C2_IRQHandler
                0x0800adec       0x20 Src\stm32f0xx_it.o
                0x0800adec                I2C2_IRQHandler
 .text.USART3_8_IRQHandler
                0x0800ae0c       0x10 Src\stm32f0xx_it.o
                0x0800ae0c                USART3_8_IRQHandler
 .text._sbrk    0x0800ae1c       0x34 Src\syscalls.o
                0x0800ae1c                _sbrk
 .text.SystemInit
                0x0800ae50        0x2 Src\system_stm32f0xx.o
                0x0800ae50                SystemInit
 *fill*         0x0800ae52        0x2 
 .text.USER_Tilt_Calculation
                0x0800ae54      0x86c Src\tilt_calculation.o
                0x0800ae54                USER_Tilt_Calculation
 .text.MX_TIM6_Init
                0x0800b6c0       0x50 Src\tim.o
                0x0800b6c0                MX_TIM6_Init
 .text.HAL_TIM_Base_MspInit
                0x0800b710       0x38 Src\tim.o
                0x0800b710                HAL_TIM_Base_MspInit
 .text.USER_UART_DMA_start
                0x0800b748       0x24 Src\uart_dma_start.o
                0x0800b748                USER_UART_DMA_start
 .text.MX_USART3_UART_Init
                0x0800b76c       0x38 Src\usart.o
                0x0800b76c                MX_USART3_UART_Init
 .text.HAL_UART_MspInit
                0x0800b7a4      0x104 Src\usart.o
                0x0800b7a4                HAL_UART_MspInit
 .text.USER_Wakeup_Detection
                0x0800b8a8       0xa8 Src\wakeup_detection.o
                0x0800b8a8                USER_Wakeup_Detection
 .text.USER_Wakeup_Init
                0x0800b950      0x2e0 Src\wakeup_init.o
                0x0800b950                USER_Wakeup_Init
 .text.Reset_Handler
                0x0800bc30       0x50 startup\startup_stm32f091xc.o
                0x0800bc30                Reset_Handler
 .text.Default_Handler
                0x0800bc80        0x2 startup\startup_stm32f091xc.o
                0x0800bc80                TIM1_CC_IRQHandler
                0x0800bc80                TSC_IRQHandler
                0x0800bc80                ADC1_COMP_IRQHandler
                0x0800bc80                I2C1_IRQHandler
                0x0800bc80                RCC_CRS_IRQHandler
                0x0800bc80                SPI1_IRQHandler
                0x0800bc80                EXTI2_3_IRQHandler
                0x0800bc80                TIM17_IRQHandler
                0x0800bc80                CEC_CAN_IRQHandler
                0x0800bc80                RTC_IRQHandler
                0x0800bc80                PVD_VDDIO2_IRQHandler
                0x0800bc80                TIM16_IRQHandler
                0x0800bc80                TIM3_IRQHandler
                0x0800bc80                EXTI4_15_IRQHandler
                0x0800bc80                Default_Handler
                0x0800bc80                TIM14_IRQHandler
                0x0800bc80                TIM7_IRQHandler
                0x0800bc80                TIM15_IRQHandler
                0x0800bc80                EXTI0_1_IRQHandler
                0x0800bc80                SPI2_IRQHandler
                0x0800bc80                WWDG_IRQHandler
                0x0800bc80                TIM2_IRQHandler
                0x0800bc80                USART2_IRQHandler
                0x0800bc80                FLASH_IRQHandler
                0x0800bc80                USART1_IRQHandler
                0x0800bc80                TIM1_BRK_UP_TRG_COM_IRQHandler
 .text.atoi     0x0800bc82        0xc c:/program files (x86)/atollic/truestudio for stm32 9.3.0/armtools/bin/../lib/gcc/arm-atollic-eabi/6.3.1/../../../../arm-atollic-eabi/lib/armv6-m\libc_nano.a(lib_a-atoi.o)
                0x0800bc82                atoi
 *fill*         0x0800bc8e        0x2 
 .text.__errno  0x0800bc90        0xc c:/program files (x86)/atollic/truestudio for stm32 9.3.0/armtools/bin/../lib/gcc/arm-atollic-eabi/6.3.1/../../../../arm-atollic-eabi/lib/armv6-m\libc_nano.a(lib_a-errno.o)
                0x0800bc90                __errno
 .text.__libc_init_array
                0x0800bc9c       0x48 c:/program files (x86)/atollic/truestudio for stm32 9.3.0/armtools/bin/../lib/gcc/arm-atollic-eabi/6.3.1/../../../../arm-atollic-eabi/lib/armv6-m\libc_nano.a(lib_a-init.o)
                0x0800bc9c                __libc_init_array
 .text.memcpy   0x0800bce4       0x12 c:/program files (x86)/atollic/truestudio for stm32 9.3.0/armtools/bin/../lib/gcc/arm-atollic-eabi/6.3.1/../../../../arm-atollic-eabi/lib/armv6-m\libc_nano.a(lib_a-memcpy-stub.o)
                0x0800bce4                memcpy
 .text.memset   0x0800bcf6       0x10 c:/program files (x86)/atollic/truestudio for stm32 9.3.0/armtools/bin/../lib/gcc/arm-atollic-eabi/6.3.1/../../../../arm-atollic-eabi/lib/armv6-m\libc_nano.a(lib_a-memset.o)
                0x0800bcf6                memset
 *fill*         0x0800bd06        0x2 
 .text.sprintf  0x0800bd08       0x44 c:/program files (x86)/atollic/truestudio for stm32 9.3.0/armtools/bin/../lib/gcc/arm-atollic-eabi/6.3.1/../../../../arm-atollic-eabi/lib/armv6-m\libc_nano.a(lib_a-sprintf.o)
                0x0800bd08                siprintf
                0x0800bd08                sprintf
 .text.strcpy   0x0800bd4c       0x10 c:/program files (x86)/atollic/truestudio for stm32 9.3.0/armtools/bin/../lib/gcc/arm-atollic-eabi/6.3.1/../../../../arm-atollic-eabi/lib/armv6-m\libc_nano.a(lib_a-strcpy.o)
                0x0800bd4c                strcpy
 .text.strncmp  0x0800bd5c       0x22 c:/program files (x86)/atollic/truestudio for stm32 9.3.0/armtools/bin/../lib/gcc/arm-atollic-eabi/6.3.1/../../../../arm-atollic-eabi/lib/armv6-m\libc_nano.a(lib_a-strncmp.o)
                0x0800bd5c                strncmp
 .text.strncpy  0x0800bd7e       0x2a c:/program files (x86)/atollic/truestudio for stm32 9.3.0/armtools/bin/../lib/gcc/arm-atollic-eabi/6.3.1/../../../../arm-atollic-eabi/lib/armv6-m\libc_nano.a(lib_a-strncpy.o)
                0x0800bd7e                strncpy
 .text._strtol_l.isra.0
                0x0800bda8      0x10c c:/program files (x86)/atollic/truestudio for stm32 9.3.0/armtools/bin/../lib/gcc/arm-atollic-eabi/6.3.1/../../../../arm-atollic-eabi/lib/armv6-m\libc_nano.a(lib_a-strtol.o)
 .text.strtol   0x0800beb4       0x28 c:/program files (x86)/atollic/truestudio for stm32 9.3.0/armtools/bin/../lib/gcc/arm-atollic-eabi/6.3.1/../../../../arm-atollic-eabi/lib/armv6-m\libc_nano.a(lib_a-strtol.o)
                0x0800beb4                strtol
 .text.strupr   0x0800bedc       0x28 c:/program files (x86)/atollic/truestudio for stm32 9.3.0/armtools/bin/../lib/gcc/arm-atollic-eabi/6.3.1/../../../../arm-atollic-eabi/lib/armv6-m\libc_nano.a(lib_a-strupr.o)
                0x0800bedc                strupr
 .text.__locale_ctype_ptr_l
                0x0800bf04        0x6 c:/program files (x86)/atollic/truestudio for stm32 9.3.0/armtools/bin/../lib/gcc/arm-atollic-eabi/6.3.1/../../../../arm-atollic-eabi/lib/armv6-m\libc_nano.a(lib_a-locale.o)
                0x0800bf04                __locale_ctype_ptr_l
 *fill*         0x0800bf0a        0x2 
 .text.__locale_ctype_ptr
                0x0800bf0c       0x1c c:/program files (x86)/atollic/truestudio for stm32 9.3.0/armtools/bin/../lib/gcc/arm-atollic-eabi/6.3.1/../../../../arm-atollic-eabi/lib/armv6-m\libc_nano.a(lib_a-locale.o)
                0x0800bf0c                __locale_ctype_ptr
 .text.__ascii_mbtowc
                0x0800bf28       0x24 c:/program files (x86)/atollic/truestudio for stm32 9.3.0/armtools/bin/../lib/gcc/arm-atollic-eabi/6.3.1/../../../../arm-atollic-eabi/lib/armv6-m\libc_nano.a(lib_a-mbtowc_r.o)
                0x0800bf28                __ascii_mbtowc
 .text.__ssputs_r
                0x0800bf4c       0xc4 c:/program files (x86)/atollic/truestudio for stm32 9.3.0/armtools/bin/../lib/gcc/arm-atollic-eabi/6.3.1/../../../../arm-atollic-eabi/lib/armv6-m\libc_nano.a(lib_a-nano-svfprintf.o)
                0x0800bf4c                __ssputs_r
 .text._svfprintf_r
                0x0800c010      0x208 c:/program files (x86)/atollic/truestudio for stm32 9.3.0/armtools/bin/../lib/gcc/arm-atollic-eabi/6.3.1/../../../../arm-atollic-eabi/lib/armv6-m\libc_nano.a(lib_a-nano-svfprintf.o)
                0x0800c010                _svfiprintf_r
                0x0800c010                _svfprintf_r
 .text._printf_common
                0x0800c218       0xda c:/program files (x86)/atollic/truestudio for stm32 9.3.0/armtools/bin/../lib/gcc/arm-atollic-eabi/6.3.1/../../../../arm-atollic-eabi/lib/armv6-m\libc_nano.a(lib_a-nano-vfprintf_i.o)
                0x0800c218                _printf_common
 *fill*         0x0800c2f2        0x2 
 .text._printf_i
                0x0800c2f4      0x234 c:/program files (x86)/atollic/truestudio for stm32 9.3.0/armtools/bin/../lib/gcc/arm-atollic-eabi/6.3.1/../../../../arm-atollic-eabi/lib/armv6-m\libc_nano.a(lib_a-nano-vfprintf_i.o)
                0x0800c2f4                _printf_i
 .text.__ascii_wctomb
                0x0800c528       0x18 c:/program files (x86)/atollic/truestudio for stm32 9.3.0/armtools/bin/../lib/gcc/arm-atollic-eabi/6.3.1/../../../../arm-atollic-eabi/lib/armv6-m\libc_nano.a(lib_a-wctomb_r.o)
                0x0800c528                __ascii_wctomb
 .text.memchr   0x0800c540       0x16 c:/program files (x86)/atollic/truestudio for stm32 9.3.0/armtools/bin/../lib/gcc/arm-atollic-eabi/6.3.1/../../../../arm-atollic-eabi/lib/armv6-m\libc_nano.a(lib_a-memchr-stub.o)
                0x0800c540                memchr
 .text.memmove  0x0800c556       0x24 c:/program files (x86)/atollic/truestudio for stm32 9.3.0/armtools/bin/../lib/gcc/arm-atollic-eabi/6.3.1/../../../../arm-atollic-eabi/lib/armv6-m\libc_nano.a(lib_a-memmove.o)
                0x0800c556                memmove
 *fill*         0x0800c57a        0x2 
 .text._free_r  0x0800c57c       0x94 c:/program files (x86)/atollic/truestudio for stm32 9.3.0/armtools/bin/../lib/gcc/arm-atollic-eabi/6.3.1/../../../../arm-atollic-eabi/lib/armv6-m\libc_nano.a(lib_a-nano-freer.o)
                0x0800c57c                _free_r
 .text._malloc_r
                0x0800c610       0xbc c:/program files (x86)/atollic/truestudio for stm32 9.3.0/armtools/bin/../lib/gcc/arm-atollic-eabi/6.3.1/../../../../arm-atollic-eabi/lib/armv6-m\libc_nano.a(lib_a-nano-mallocr.o)
                0x0800c610                _malloc_r
 .text._realloc_r
                0x0800c6cc       0x4c c:/program files (x86)/atollic/truestudio for stm32 9.3.0/armtools/bin/../lib/gcc/arm-atollic-eabi/6.3.1/../../../../arm-atollic-eabi/lib/armv6-m\libc_nano.a(lib_a-nano-reallocr.o)
                0x0800c6cc                _realloc_r
 .text._sbrk_r  0x0800c718       0x24 c:/program files (x86)/atollic/truestudio for stm32 9.3.0/armtools/bin/../lib/gcc/arm-atollic-eabi/6.3.1/../../../../arm-atollic-eabi/lib/armv6-m\libc_nano.a(lib_a-sbrkr.o)
                0x0800c718                _sbrk_r
 .text.__malloc_lock
                0x0800c73c        0x2 c:/program files (x86)/atollic/truestudio for stm32 9.3.0/armtools/bin/../lib/gcc/arm-atollic-eabi/6.3.1/../../../../arm-atollic-eabi/lib/armv6-m\libc_nano.a(lib_a-mlock.o)
                0x0800c73c                __malloc_lock
 .text.__malloc_unlock
                0x0800c73e        0x2 c:/program files (x86)/atollic/truestudio for stm32 9.3.0/armtools/bin/../lib/gcc/arm-atollic-eabi/6.3.1/../../../../arm-atollic-eabi/lib/armv6-m\libc_nano.a(lib_a-mlock.o)
                0x0800c73e                __malloc_unlock
 .text._malloc_usable_size_r
                0x0800c740       0x10 c:/program files (x86)/atollic/truestudio for stm32 9.3.0/armtools/bin/../lib/gcc/arm-atollic-eabi/6.3.1/../../../../arm-atollic-eabi/lib/armv6-m\libc_nano.a(lib_a-nano-msizer.o)
                0x0800c740                _malloc_usable_size_r
 .text.cos      0x0800c750       0x84 c:/program files (x86)/atollic/truestudio for stm32 9.3.0/armtools/bin/../lib/gcc/arm-atollic-eabi/6.3.1/../../../../arm-atollic-eabi/lib/armv6-m\libm.a(lib_a-s_cos.o)
                0x0800c750                cos
 .text.acos     0x0800c7d4       0xa8 c:/program files (x86)/atollic/truestudio for stm32 9.3.0/armtools/bin/../lib/gcc/arm-atollic-eabi/6.3.1/../../../../arm-atollic-eabi/lib/armv6-m\libm.a(lib_a-w_acos.o)
                0x0800c7d4                acos
 .text.atan2    0x0800c87c        0x8 c:/program files (x86)/atollic/truestudio for stm32 9.3.0/armtools/bin/../lib/gcc/arm-atollic-eabi/6.3.1/../../../../arm-atollic-eabi/lib/armv6-m\libm.a(lib_a-w_atan2.o)
                0x0800c87c                atan2
 .text.sqrt     0x0800c884       0xb4 c:/program files (x86)/atollic/truestudio for stm32 9.3.0/armtools/bin/../lib/gcc/arm-atollic-eabi/6.3.1/../../../../arm-atollic-eabi/lib/armv6-m\libm.a(lib_a-w_sqrt.o)
                0x0800c884                sqrt
 .text.__ieee754_acos
                0x0800c938      0x3ec c:/program files (x86)/atollic/truestudio for stm32 9.3.0/armtools/bin/../lib/gcc/arm-atollic-eabi/6.3.1/../../../../arm-atollic-eabi/lib/armv6-m\libm.a(lib_a-e_acos.o)
                0x0800c938                __ieee754_acos
 .text.__ieee754_atan2
                0x0800cd24      0x164 c:/program files (x86)/atollic/truestudio for stm32 9.3.0/armtools/bin/../lib/gcc/arm-atollic-eabi/6.3.1/../../../../arm-atollic-eabi/lib/armv6-m\libm.a(lib_a-e_atan2.o)
                0x0800cd24                __ieee754_atan2
 .text.__ieee754_rem_pio2
                0x0800ce88      0x3c8 c:/program files (x86)/atollic/truestudio for stm32 9.3.0/armtools/bin/../lib/gcc/arm-atollic-eabi/6.3.1/../../../../arm-atollic-eabi/lib/armv6-m\libm.a(lib_a-e_rem_pio2.o)
                0x0800ce88                __ieee754_rem_pio2
 .text.__ieee754_sqrt
                0x0800d250      0x160 c:/program files (x86)/atollic/truestudio for stm32 9.3.0/armtools/bin/../lib/gcc/arm-atollic-eabi/6.3.1/../../../../arm-atollic-eabi/lib/armv6-m\libm.a(lib_a-e_sqrt.o)
                0x0800d250                __ieee754_sqrt
 .text.__kernel_cos
                0x0800d3b0      0x1b8 c:/program files (x86)/atollic/truestudio for stm32 9.3.0/armtools/bin/../lib/gcc/arm-atollic-eabi/6.3.1/../../../../arm-atollic-eabi/lib/armv6-m\libm.a(lib_a-k_cos.o)
                0x0800d3b0                __kernel_cos
 .text.__kernel_rem_pio2
                0x0800d568      0x6e8 c:/program files (x86)/atollic/truestudio for stm32 9.3.0/armtools/bin/../lib/gcc/arm-atollic-eabi/6.3.1/../../../../arm-atollic-eabi/lib/armv6-m\libm.a(lib_a-k_rem_pio2.o)
                0x0800d568                __kernel_rem_pio2
 .text.__kernel_sin
                0x0800dc50      0x15c c:/program files (x86)/atollic/truestudio for stm32 9.3.0/armtools/bin/../lib/gcc/arm-atollic-eabi/6.3.1/../../../../arm-atollic-eabi/lib/armv6-m\libm.a(lib_a-k_sin.o)
                0x0800dc50                __kernel_sin
 .text.atan     0x0800ddac      0x310 c:/program files (x86)/atollic/truestudio for stm32 9.3.0/armtools/bin/../lib/gcc/arm-atollic-eabi/6.3.1/../../../../arm-atollic-eabi/lib/armv6-m\libm.a(lib_a-s_atan.o)
                0x0800ddac                atan
 .text.fabs     0x0800e0bc        0x8 c:/program files (x86)/atollic/truestudio for stm32 9.3.0/armtools/bin/../lib/gcc/arm-atollic-eabi/6.3.1/../../../../arm-atollic-eabi/lib/armv6-m\libm.a(lib_a-s_fabs.o)
                0x0800e0bc                fabs
 .text.floor    0x0800e0c4      0x104 c:/program files (x86)/atollic/truestudio for stm32 9.3.0/armtools/bin/../lib/gcc/arm-atollic-eabi/6.3.1/../../../../arm-atollic-eabi/lib/armv6-m\libm.a(lib_a-s_floor.o)
                0x0800e0c4                floor
 .text.matherr  0x0800e1c8        0x4 c:/program files (x86)/atollic/truestudio for stm32 9.3.0/armtools/bin/../lib/gcc/arm-atollic-eabi/6.3.1/../../../../arm-atollic-eabi/lib/armv6-m\libm.a(lib_a-s_matherr.o)
                0x0800e1c8                matherr
 .text.nan      0x0800e1cc        0xc c:/program files (x86)/atollic/truestudio for stm32 9.3.0/armtools/bin/../lib/gcc/arm-atollic-eabi/6.3.1/../../../../arm-atollic-eabi/lib/armv6-m\libm.a(lib_a-s_nan.o)
                0x0800e1cc                nan
 .text.scalbn   0x0800e1d8       0xc8 c:/program files (x86)/atollic/truestudio for stm32 9.3.0/armtools/bin/../lib/gcc/arm-atollic-eabi/6.3.1/../../../../arm-atollic-eabi/lib/armv6-m\libm.a(lib_a-s_scalbn.o)
                0x0800e1d8                scalbn
 .text.copysign
                0x0800e2a0       0x10 c:/program files (x86)/atollic/truestudio for stm32 9.3.0/armtools/bin/../lib/gcc/arm-atollic-eabi/6.3.1/../../../../arm-atollic-eabi/lib/armv6-m\libm.a(lib_a-s_copysign.o)
                0x0800e2a0                copysign
 *(.glue_7)
 .glue_7        0x0800e2b0        0x0 linker stubs
 *(.glue_7t)
 .glue_7t       0x0800e2b0        0x0 linker stubs
 *(.eh_frame)
 .eh_frame      0x0800e2b0        0x0 c:/program files (x86)/atollic/truestudio for stm32 9.3.0/armtools/bin/../lib/gcc/arm-atollic-eabi/6.3.1/armv6-m/crtbegin.o
 *(.init)
 .init          0x0800e2b0        0x4 c:/program files (x86)/atollic/truestudio for stm32 9.3.0/armtools/bin/../lib/gcc/arm-atollic-eabi/6.3.1/armv6-m/crti.o
                0x0800e2b0                _init
 .init          0x0800e2b4        0x8 c:/program files (x86)/atollic/truestudio for stm32 9.3.0/armtools/bin/../lib/gcc/arm-atollic-eabi/6.3.1/armv6-m/crtn.o
 *(.fini)
 .fini          0x0800e2bc        0x4 c:/program files (x86)/atollic/truestudio for stm32 9.3.0/armtools/bin/../lib/gcc/arm-atollic-eabi/6.3.1/armv6-m/crti.o
                0x0800e2bc                _fini
 .fini          0x0800e2c0        0x8 c:/program files (x86)/atollic/truestudio for stm32 9.3.0/armtools/bin/../lib/gcc/arm-atollic-eabi/6.3.1/armv6-m/crtn.o
                0x0800e2c8                . = ALIGN (0x4)
                0x0800e2c8                _etext = .

.vfp11_veneer   0x0800e2c8        0x0
 .vfp11_veneer  0x0800e2c8        0x0 linker stubs

.v4_bx          0x0800e2c8        0x0
 .v4_bx         0x0800e2c8        0x0 linker stubs

.iplt           0x0800e2c8        0x0
 .iplt          0x0800e2c8        0x0 c:/program files (x86)/atollic/truestudio for stm32 9.3.0/armtools/bin/../lib/gcc/arm-atollic-eabi/6.3.1/armv6-m/crtbegin.o

.rodata         0x0800e2c8     0x1a38
                0x0800e2c8                . = ALIGN (0x4)
 *(.rodata)
 .rodata        0x0800e2c8       0x20 Drivers\STM32F0xx_HAL_Driver\Src\stm32f0xx_hal_rcc.o
 .rodata        0x0800e2e8       0x80 c:/program files (x86)/atollic/truestudio for stm32 9.3.0/armtools/bin/../lib/gcc/arm-atollic-eabi/6.3.1/armv6-m\libgcc.a(divsf3.o)
 .rodata        0x0800e368       0x40 c:/program files (x86)/atollic/truestudio for stm32 9.3.0/armtools/bin/../lib/gcc/arm-atollic-eabi/6.3.1/armv6-m\libgcc.a(mulsf3.o)
 .rodata        0x0800e3a8       0x40 c:/program files (x86)/atollic/truestudio for stm32 9.3.0/armtools/bin/../lib/gcc/arm-atollic-eabi/6.3.1/armv6-m\libgcc.a(divdf3.o)
 .rodata        0x0800e3e8       0x40 c:/program files (x86)/atollic/truestudio for stm32 9.3.0/armtools/bin/../lib/gcc/arm-atollic-eabi/6.3.1/armv6-m\libgcc.a(muldf3.o)
 *(.rodata*)
 .rodata.CSWTCH.58
                0x0800e428        0x4 Drivers\STM32F0xx_HAL_Driver\Src\stm32f0xx_hal_uart.o
 .rodata.USER_Acceleration_Wakeup_Init.str1.1
                0x0800e42c       0x37 Src\acceleration_wakeup_init.o
 .rodata.USER_Device_Orientation_Accelerometer_DeInit.str1.1
                0x0800e463       0x44 Src\accelerometer_init_deinit.o
 .rodata.USER_Device_Orientation_Accelerometer_Init.str1.1
                0x0800e4a7       0x32 Src\accelerometer_init_deinit.o
 .rodata.USER_Forward_axes_and_Tilt_Accelerometer_Init.str1.1
                0x0800e4d9       0x58 Src\accelerometer_init_deinit.o
 .rodata.USER_Accelerometer_Referance_Value_Calculation.str1.1
                0x0800e531      0x17a Src\accelerometer_referance_value_calculation.o
 .rodata.USER_Device_Orientation_WakeUp_DeInit.str1.1
                0x0800e6ab       0x67 Src\device_orientation_wakeup_init_deinit.o
 .rodata.USER_Device_Orientation_WakeUp_init.str1.1
                0x0800e712       0x52 Src\device_orientation_wakeup_init_deinit.o
 .rodata.USER_Forward_axes_Find.str1.1
                0x0800e764      0x23c Src\forward_axes_find.o
 .rodata.USER_forward_axes_sense_Wakeup_Init.str1.1
                0x0800e9a0       0x37 Src\forward_axes_sense_wakeup_init.o
 .rodata.USER_GET_Command.str1.1
                0x0800e9d7      0x987 Src\get_command.o
                                0x98c (size before relaxing)
 .rodata.USER_Rash_Turn_Gyroscope_Init.str1.1
                0x0800f35e       0x44 Src\gyroscope_init_deinit.o
 .rodata.USER_Harsh_Acceleration_Brake_Function_Wakeup_Threshold_Optimize.str1.1
                0x0800f3a2       0x5c Src\harsh_acceleration_brake_function_wakeup_threshold_optimization.o
 .rodata.USER_Harsh_Acceleration_Harsh_brake_Find.str1.1
                0x0800f3fe       0xde Src\harsh_acceleration_harsh_brake_find.o
 .rodata.USER_Highest_Element_of_an_Array_int16_t.str1.1
                0x0800f4dc       0x20 Src\highest_element.o
 .rodata.USER_Instruction_CHECK.str1.1
                0x0800f4fc        0xa Src\instruction_check.o
 .rodata.USER_Rash_Turn_Detection.str1.1
                0x0800f506       0x6f Src\rash_turn_detection.o
 .rodata.RASH_Turn_Threshold_Optimize.str1.1
                0x0800f575       0x3c Src\rash_turn_threshold_optimization.o
 .rodata.USER_Referance_Tilt_Calculation_with_Forward_axes.str1.1
                0x0800f575       0x4a Src\referance_tilt_calculation.o
 .rodata.USER_Referance_Tilt_Calculation_without_Forward_axes.str1.1
                0x0800f5bf       0x56 Src\referance_tilt_calculation.o
                                 0xb6 (size before relaxing)
 .rodata.USER_Referance_Tilt_Calculation_without_Gravity_axes.str1.1
                0x0800f615       0x2f Src\referance_tilt_calculation.o
 .rodata.USER_SET_Command.str1.1
                0x0800f644      0x11a Src\set_command.o
                                0x665 (size before relaxing)
 .rodata.USER_Side_Axes_Find.str1.1
                0x0800f75e       0x5c Src\side_axes_find.o
 .rodata.AHBPrescTable
                0x0800f7ba       0x10 Src\system_stm32f0xx.o
                0x0800f7ba                AHBPrescTable
 .rodata.APBPrescTable
                0x0800f7ca        0x8 Src\system_stm32f0xx.o
                0x0800f7ca                APBPrescTable
 .rodata.USER_Tilt_Calculation.str1.1
                0x0800f7d2      0x158 Src\tilt_calculation.o
 .rodata.USER_Wakeup_Detection.str1.1
                0x0800f92a       0x27 Src\wakeup_detection.o
 .rodata.USER_Wakeup_Init.str1.1
                0x0800f951       0x4d Src\wakeup_init.o
 .rodata._setlocale_r.str1.1
                0x0800f99e        0x8 c:/program files (x86)/atollic/truestudio for stm32 9.3.0/armtools/bin/../lib/gcc/arm-atollic-eabi/6.3.1/../../../../arm-atollic-eabi/lib/armv6-m\libc_nano.a(lib_a-locale.o)
                                  0x9 (size before relaxing)
 .rodata.str1.1
                0x0800f9a6        0x2 c:/program files (x86)/atollic/truestudio for stm32 9.3.0/armtools/bin/../lib/gcc/arm-atollic-eabi/6.3.1/../../../../arm-atollic-eabi/lib/armv6-m\libc_nano.a(lib_a-locale.o)
 .rodata._svfprintf_r.str1.1
                0x0800f9a8       0x11 c:/program files (x86)/atollic/truestudio for stm32 9.3.0/armtools/bin/../lib/gcc/arm-atollic-eabi/6.3.1/../../../../arm-atollic-eabi/lib/armv6-m\libc_nano.a(lib_a-nano-svfprintf.o)
 .rodata._printf_i.str1.1
                0x0800f9b9       0x22 c:/program files (x86)/atollic/truestudio for stm32 9.3.0/armtools/bin/../lib/gcc/arm-atollic-eabi/6.3.1/../../../../arm-atollic-eabi/lib/armv6-m\libc_nano.a(lib_a-nano-vfprintf_i.o)
 .rodata._ctype_
                0x0800f9db      0x101 c:/program files (x86)/atollic/truestudio for stm32 9.3.0/armtools/bin/../lib/gcc/arm-atollic-eabi/6.3.1/../../../../arm-atollic-eabi/lib/armv6-m\libc_nano.a(lib_a-ctype_.o)
                0x0800f9db                _ctype_
 .rodata.acos.str1.1
                0x0800fadc        0x5 c:/program files (x86)/atollic/truestudio for stm32 9.3.0/armtools/bin/../lib/gcc/arm-atollic-eabi/6.3.1/../../../../arm-atollic-eabi/lib/armv6-m\libm.a(lib_a-w_acos.o)
                                  0x6 (size before relaxing)
 .rodata.sqrt.str1.1
                0x0800fae1        0x5 c:/program files (x86)/atollic/truestudio for stm32 9.3.0/armtools/bin/../lib/gcc/arm-atollic-eabi/6.3.1/../../../../arm-atollic-eabi/lib/armv6-m\libm.a(lib_a-w_sqrt.o)
 *fill*         0x0800fae6        0x2 
 .rodata.npio2_hw
                0x0800fae8       0x80 c:/program files (x86)/atollic/truestudio for stm32 9.3.0/armtools/bin/../lib/gcc/arm-atollic-eabi/6.3.1/../../../../arm-atollic-eabi/lib/armv6-m\libm.a(lib_a-e_rem_pio2.o)
 .rodata.two_over_pi
                0x0800fb68      0x108 c:/program files (x86)/atollic/truestudio for stm32 9.3.0/armtools/bin/../lib/gcc/arm-atollic-eabi/6.3.1/../../../../arm-atollic-eabi/lib/armv6-m\libm.a(lib_a-e_rem_pio2.o)
 .rodata.PIo2   0x0800fc70       0x40 c:/program files (x86)/atollic/truestudio for stm32 9.3.0/armtools/bin/../lib/gcc/arm-atollic-eabi/6.3.1/../../../../arm-atollic-eabi/lib/armv6-m\libm.a(lib_a-k_rem_pio2.o)
 .rodata.init_jk
                0x0800fcb0       0x10 c:/program files (x86)/atollic/truestudio for stm32 9.3.0/armtools/bin/../lib/gcc/arm-atollic-eabi/6.3.1/../../../../arm-atollic-eabi/lib/armv6-m\libm.a(lib_a-k_rem_pio2.o)
 .rodata.atanhi
                0x0800fcc0       0x20 c:/program files (x86)/atollic/truestudio for stm32 9.3.0/armtools/bin/../lib/gcc/arm-atollic-eabi/6.3.1/../../../../arm-atollic-eabi/lib/armv6-m\libm.a(lib_a-s_atan.o)
 .rodata.atanlo
                0x0800fce0       0x20 c:/program files (x86)/atollic/truestudio for stm32 9.3.0/armtools/bin/../lib/gcc/arm-atollic-eabi/6.3.1/../../../../arm-atollic-eabi/lib/armv6-m\libm.a(lib_a-s_atan.o)
                0x0800fd00                . = ALIGN (0x4)

.rel.dyn        0x0800fd00        0x0
 .rel.iplt      0x0800fd00        0x0 c:/program files (x86)/atollic/truestudio for stm32 9.3.0/armtools/bin/../lib/gcc/arm-atollic-eabi/6.3.1/armv6-m/crtbegin.o

.ARM.extab
 *(.ARM.extab* .gnu.linkonce.armextab.*)

.ARM            0x0800fd00        0x0
                0x0800fd00                __exidx_start = .
 *(.ARM.exidx*)
                0x0800fd00                __exidx_end = .

.preinit_array  0x0800fd00        0x0
                0x0800fd00                PROVIDE (__preinit_array_start, .)
 *(.preinit_array*)
                0x0800fd00                PROVIDE (__preinit_array_end, .)

.init_array     0x0800fd00        0x4
                0x0800fd00                PROVIDE (__init_array_start, .)
 *(SORT(.init_array.*))
 *(.init_array*)
 .init_array    0x0800fd00        0x4 c:/program files (x86)/atollic/truestudio for stm32 9.3.0/armtools/bin/../lib/gcc/arm-atollic-eabi/6.3.1/armv6-m/crtbegin.o
                0x0800fd04                PROVIDE (__init_array_end, .)

.fini_array     0x0800fd04        0x4
                [!provide]                PROVIDE (__fini_array_start, .)
 *(SORT(.fini_array.*))
 *(.fini_array*)
 .fini_array    0x0800fd04        0x4 c:/program files (x86)/atollic/truestudio for stm32 9.3.0/armtools/bin/../lib/gcc/arm-atollic-eabi/6.3.1/armv6-m/crtbegin.o
                [!provide]                PROVIDE (__fini_array_end, .)
                0x0800fd08                _sidata = LOADADDR (.data)

.data           0x20000000      0x1f4 load address 0x0800fd08
                0x20000000                . = ALIGN (0x4)
                0x20000000                _sdata = .
 *(.data)
 *(.data*)
 .data.uwTickFreq
                0x20000000        0x1 Drivers\STM32F0xx_HAL_Driver\Src\stm32f0xx_hal.o
                0x20000000                uwTickFreq
 *fill*         0x20000001        0x3 
 .data.uwTickPrio
                0x20000004        0x4 Drivers\STM32F0xx_HAL_Driver\Src\stm32f0xx_hal.o
                0x20000004                uwTickPrio
 .data.forward_axes
                0x20000008        0x1 Src\main.o
                0x20000008                forward_axes
 .data.gravity_axes
                0x20000009        0x1 Src\main.o
                0x20000009                gravity_axes
 .data.harsh_accel_brake_function_wakeup_mode
                0x2000000a        0x1 Src\main.o
                0x2000000a                harsh_accel_brake_function_wakeup_mode
 *fill*         0x2000000b        0x1 
 .data.harsh_accel_brake_function_wakeup_threshold
                0x2000000c        0x2 Src\main.o
                0x2000000c                harsh_accel_brake_function_wakeup_threshold
 .data.hat      0x2000000e        0x2 Src\main.o
                0x2000000e                hat
 .data.hbt      0x20000010        0x2 Src\main.o
                0x20000010                hbt
 .data.output_enable
                0x20000012        0x1 Src\main.o
                0x20000012                output_enable
 .data.rtt      0x20000013        0x1 Src\main.o
                0x20000013                rtt
 .data.side_axes
                0x20000014        0x1 Src\main.o
                0x20000014                side_axes
 .data.sign_of_acceleration
                0x20000015        0x1 Src\main.o
                0x20000015                sign_of_acceleration
 .data.sign_of_gravity
                0x20000016        0x1 Src\main.o
                0x20000016                sign_of_gravity
 .data.sign_of_side_axes
                0x20000017        0x1 Src\main.o
                0x20000017                sign_of_side_axes
 .data.sleep_dur_device
                0x20000018        0x1 Src\main.o
                0x20000018                sleep_dur_device
 .data.tilt_req
                0x20000019        0x1 Src\main.o
                0x20000019                tilt_req
 .data.tilt_threshold
                0x2000001a        0x1 Src\main.o
                0x2000001a                tilt_threshold
 .data.uartrx_req
                0x2000001b        0x1 Src\main.o
                0x2000001b                uartrx_req
 .data.SystemCoreClock
                0x2000001c        0x4 Src\system_stm32f0xx.o
                0x2000001c                SystemCoreClock
 .data._impure_ptr
                0x20000020        0x4 c:/program files (x86)/atollic/truestudio for stm32 9.3.0/armtools/bin/../lib/gcc/arm-atollic-eabi/6.3.1/../../../../arm-atollic-eabi/lib/armv6-m\libc_nano.a(lib_a-impure.o)
                0x20000020                _impure_ptr
 .data.impure_data
                0x20000024       0x60 c:/program files (x86)/atollic/truestudio for stm32 9.3.0/armtools/bin/../lib/gcc/arm-atollic-eabi/6.3.1/../../../../arm-atollic-eabi/lib/armv6-m\libc_nano.a(lib_a-impure.o)
 .data.__global_locale
                0x20000084      0x16c c:/program files (x86)/atollic/truestudio for stm32 9.3.0/armtools/bin/../lib/gcc/arm-atollic-eabi/6.3.1/../../../../arm-atollic-eabi/lib/armv6-m\libc_nano.a(lib_a-locale.o)
                0x20000084                __global_locale
 .data.__fdlib_version
                0x200001f0        0x1 c:/program files (x86)/atollic/truestudio for stm32 9.3.0/armtools/bin/../lib/gcc/arm-atollic-eabi/6.3.1/../../../../arm-atollic-eabi/lib/armv6-m\libm.a(lib_a-s_lib_ver.o)
                0x200001f0                __fdlib_version
                0x200001f4                . = ALIGN (0x4)
 *fill*         0x200001f1        0x3 
                0x200001f4                _edata = .

.igot.plt       0x200001f4        0x0 load address 0x0800fefc
 .igot.plt      0x200001f4        0x0 c:/program files (x86)/atollic/truestudio for stm32 9.3.0/armtools/bin/../lib/gcc/arm-atollic-eabi/6.3.1/armv6-m/crtbegin.o
                0x200001f4                . = ALIGN (0x4)

.bss            0x200001f8      0x3e0 load address 0x0800fefc
                0x200001f8                _sbss = .
                0x200001f8                __bss_start__ = _sbss
 *(.bss)
 .bss           0x200001f8       0x1c c:/program files (x86)/atollic/truestudio for stm32 9.3.0/armtools/bin/../lib/gcc/arm-atollic-eabi/6.3.1/armv6-m/crtbegin.o
 *(.bss*)
 .bss.accel_ctrl1_xl
                0x20000214        0x1 Src\acceleration_wakeup_init.o
 .bss.accel_ctrl8_xl
                0x20000215        0x1 Src\acceleration_wakeup_init.o
 .bss.accel_md1_cfg
                0x20000216        0x1 Src\acceleration_wakeup_init.o
 .bss.accel_tap_cfg
                0x20000217        0x1 Src\acceleration_wakeup_init.o
 .bss.accel_wake_up_dur
                0x20000218        0x1 Src\acceleration_wakeup_init.o
 .bss.accel_wake_up_ths
                0x20000219        0x1 Src\acceleration_wakeup_init.o
 .bss.acc_ctrl1_xl
                0x2000021a        0x1 Src\accelerometer_init_deinit.o
 .bss.acc_ctrl4_c
                0x2000021b        0x1 Src\accelerometer_init_deinit.o
 .bss.acc_ctrl8_xl
                0x2000021c        0x1 Src\accelerometer_init_deinit.o
 .bss.acc_ctrl9_xl
                0x2000021d        0x1 Src\accelerometer_init_deinit.o
 .bss.ori_wake_ctrl1_xl
                0x2000021e        0x1 Src\device_orientation_wakeup_init_deinit.o
 .bss.ori_wake_ctrl8_xl
                0x2000021f        0x1 Src\device_orientation_wakeup_init_deinit.o
 .bss.ori_wake_md1_cfg
                0x20000220        0x1 Src\device_orientation_wakeup_init_deinit.o
 .bss.ori_wake_tap_cfg
                0x20000221        0x1 Src\device_orientation_wakeup_init_deinit.o
 .bss.ori_wake_wake_up_dur
                0x20000222        0x1 Src\device_orientation_wakeup_init_deinit.o
 .bss.ori_wake_wake_up_ths
                0x20000223        0x1 Src\device_orientation_wakeup_init_deinit.o
 .bss.fwd_axes_ctrl1_xl
                0x20000224        0x1 Src\forward_axes_sense_wakeup_init.o
 .bss.fwd_axes_ctrl8_xl
                0x20000225        0x1 Src\forward_axes_sense_wakeup_init.o
 .bss.fwd_axes_md1_cfg
                0x20000226        0x1 Src\forward_axes_sense_wakeup_init.o
 .bss.fwd_axes_tap_cfg
                0x20000227        0x1 Src\forward_axes_sense_wakeup_init.o
 .bss.fwd_axes_wake_up_dur
                0x20000228        0x1 Src\forward_axes_sense_wakeup_init.o
 .bss.fwd_axes_wake_up_ths
                0x20000229        0x1 Src\forward_axes_sense_wakeup_init.o
 .bss.gyro_ctrl10_c
                0x2000022a        0x1 Src\gyroscope_init_deinit.o
 .bss.gyro_ctrl2_g
                0x2000022b        0x1 Src\gyroscope_init_deinit.o
 .bss.gyro_ctrl4_c
                0x2000022c        0x1 Src\gyroscope_init_deinit.o
 .bss.gyro_ctrl6_c
                0x2000022d        0x1 Src\gyroscope_init_deinit.o
 .bss.gyro_ctrl7_g
                0x2000022e        0x1 Src\gyroscope_init_deinit.o
 .bss.harsh_accel_itration
                0x2000022f        0x1 Src\harsh_acceleration_harsh_brake_find.o
 .bss.harsh_brake_itration
                0x20000230        0x1 Src\harsh_acceleration_harsh_brake_find.o
 .bss.not_harsh_itration
                0x20000231        0x1 Src\harsh_acceleration_harsh_brake_find.o
 .bss.acceleration_wakeup_init_function_status
                0x20000232        0x1 Src\main.o
                0x20000232                acceleration_wakeup_init_function_status
 .bss.current_referance_tilt_function
                0x20000233        0x1 Src\main.o
                0x20000233                current_referance_tilt_function
 .bss.forward_axes_wakeup_init_function_status
                0x20000234        0x1 Src\main.o
                0x20000234                forward_axes_wakeup_init_function_status
 .bss.i         0x20000235        0x1 Src\main.o
                0x20000235                i
 .bss.instruction_final
                0x20000236       0x19 Src\main.o
                0x20000236                instruction_final
 .bss.instruction_length
                0x2000024f        0x1 Src\main.o
                0x2000024f                instruction_length
 .bss.instruction_raw
                0x20000250       0x19 Src\main.o
                0x20000250                instruction_raw
 .bss.memrx     0x20000269        0x1 Src\main.o
                0x20000269                memrx
 .bss.memtx     0x2000026a        0x1 Src\main.o
                0x2000026a                memtx
 .bss.out_string
                0x2000026b       0xc8 Src\main.o
                0x2000026b                out_string
 *fill*         0x20000333        0x5 
 .bss.referance_tilt_angle
                0x20000338       0x18 Src\main.o
                0x20000338                referance_tilt_angle
 .bss.referance_tilt_angle_Optimized
                0x20000350       0x18 Src\main.o
                0x20000350                referance_tilt_angle_Optimized
 .bss.total_error_int_xl
                0x20000368        0x3 Src\main.o
                0x20000368                total_error_int_xl
 *fill*         0x2000036b        0x1 
 .bss.total_error_xl_mg
                0x2000036c        0xc Src\main.o
                0x2000036c                total_error_xl_mg
 .bss.uarttx_req
                0x20000378        0x1 Src\main.o
                0x20000378                uarttx_req
 .bss.who_am_i  0x20000379        0x1 Src\main.o
                0x20000379                who_am_i
 .bss.xl_axes_ref
                0x2000037a        0x6 Src\main.o
                0x2000037a                xl_axes_ref
 .bss.avg_yaw_dps
                0x20000380        0x4 Src\rash_turn_detection.o
 .bss.rash_turn_itration
                0x20000384        0x1 Src\rash_turn_detection.o
 *fill*         0x20000385        0x3 
 .bss.heap_end.5887
                0x20000388        0x4 Src\syscalls.o
 .bss.tilt_i.6975
                0x2000038c        0x1 Src\tilt_calculation.o
 .bss.dev_wake_ctrl1_xl
                0x2000038d        0x1 Src\wakeup_init.o
 .bss.dev_wake_ctrl8_xl
                0x2000038e        0x1 Src\wakeup_init.o
 .bss.dev_wake_md1_cfg
                0x2000038f        0x1 Src\wakeup_init.o
 .bss.dev_wake_tap_cfg
                0x20000390        0x1 Src\wakeup_init.o
 .bss.dev_wake_wake_up_dur
                0x20000391        0x1 Src\wakeup_init.o
 .bss.dev_wake_wake_up_ths
                0x20000392        0x1 Src\wakeup_init.o
 *fill*         0x20000393        0x1 
 .bss.__malloc_free_list
                0x20000394        0x4 c:/program files (x86)/atollic/truestudio for stm32 9.3.0/armtools/bin/../lib/gcc/arm-atollic-eabi/6.3.1/../../../../arm-atollic-eabi/lib/armv6-m\libc_nano.a(lib_a-nano-mallocr.o)
                0x20000394                __malloc_free_list
 .bss.__malloc_sbrk_start
                0x20000398        0x4 c:/program files (x86)/atollic/truestudio for stm32 9.3.0/armtools/bin/../lib/gcc/arm-atollic-eabi/6.3.1/../../../../arm-atollic-eabi/lib/armv6-m\libc_nano.a(lib_a-nano-mallocr.o)
                0x20000398                __malloc_sbrk_start
 *(COMMON)
 COMMON         0x2000039c        0x4 Drivers\STM32F0xx_HAL_Driver\Src\stm32f0xx_hal.o
                0x2000039c                uwTick
 COMMON         0x200003a0       0xd4 Src\i2c.o
                0x200003a0                hi2c2
                0x200003ec                hdma_i2c2_rx
                0x20000430                hdma_i2c2_tx
 COMMON         0x20000474       0x17 Src\main.o
                0x20000474                harsh_accel_brake_function_wakeup_threshold_optimized
                0x20000478                mdps_per_LSB
                0x2000047c                mg_per_LSB
                0x20000480                odr_xl_value
                0x20000484                rtt_optimized
                0x20000488                c
                0x20000489                wakeup_mode
                0x2000048a                device_mode
 *fill*         0x2000048b        0x1 
 COMMON         0x2000048c       0x40 Src\tim.o
                0x2000048c                htim6
 COMMON         0x200004cc      0x108 Src\usart.o
                0x200004cc                hdma_usart3_rx
                0x20000510                huart3
                0x20000590                hdma_usart3_tx
 COMMON         0x200005d4        0x4 c:/program files (x86)/atollic/truestudio for stm32 9.3.0/armtools/bin/../lib/gcc/arm-atollic-eabi/6.3.1/../../../../arm-atollic-eabi/lib/armv6-m\libc_nano.a(lib_a-reent.o)
                0x200005d4                errno
                0x200005d8                . = ALIGN (0x4)
                0x200005d8                _ebss = .
                0x200005d8                __bss_end__ = _ebss

._user_heap_stack
                0x200005d8      0x600 load address 0x0800fefc
                0x200005d8                . = ALIGN (0x4)
                0x200005d8                PROVIDE (end, .)
                [!provide]                PROVIDE (_end, .)
                0x200007d8                . = (. + _Min_Heap_Size)
 *fill*         0x200005d8      0x200 
                0x20000bd8                . = (. + _Min_Stack_Size)
 *fill*         0x200007d8      0x400 
                0x20000bd8                . = ALIGN (0x4)

/DISCARD/
 libc.a(*)
 libm.a(*)
 libgcc.a(*)

.ARM.attributes
                0x00000000       0x28
 *(.ARM.attributes)
 .ARM.attributes
                0x00000000       0x1e c:/program files (x86)/atollic/truestudio for stm32 9.3.0/armtools/bin/../lib/gcc/arm-atollic-eabi/6.3.1/armv6-m/crti.o
 .ARM.attributes
                0x0000001e       0x2c c:/program files (x86)/atollic/truestudio for stm32 9.3.0/armtools/bin/../lib/gcc/arm-atollic-eabi/6.3.1/armv6-m/crtbegin.o
 .ARM.attributes
                0x0000004a       0x31 Drivers\STM32F0xx_HAL_Driver\Src\stm32f0xx_hal.o
 .ARM.attributes
                0x0000007b       0x31 Drivers\STM32F0xx_HAL_Driver\Src\stm32f0xx_hal_cortex.o
 .ARM.attributes
                0x000000ac       0x31 Drivers\STM32F0xx_HAL_Driver\Src\stm32f0xx_hal_dma.o
 .ARM.attributes
                0x000000dd       0x31 Drivers\STM32F0xx_HAL_Driver\Src\stm32f0xx_hal_gpio.o
 .ARM.attributes
                0x0000010e       0x31 Drivers\STM32F0xx_HAL_Driver\Src\stm32f0xx_hal_i2c.o
 .ARM.attributes
                0x0000013f       0x31 Drivers\STM32F0xx_HAL_Driver\Src\stm32f0xx_hal_i2c_ex.o
 .ARM.attributes
                0x00000170       0x31 Drivers\STM32F0xx_HAL_Driver\Src\stm32f0xx_hal_rcc.o
 .ARM.attributes
                0x000001a1       0x31 Drivers\STM32F0xx_HAL_Driver\Src\stm32f0xx_hal_rcc_ex.o
 .ARM.attributes
                0x000001d2       0x31 Drivers\STM32F0xx_HAL_Driver\Src\stm32f0xx_hal_tim.o
 .ARM.attributes
                0x00000203       0x31 Drivers\STM32F0xx_HAL_Driver\Src\stm32f0xx_hal_tim_ex.o
 .ARM.attributes
                0x00000234       0x31 Drivers\STM32F0xx_HAL_Driver\Src\stm32f0xx_hal_uart.o
 .ARM.attributes
                0x00000265       0x31 Drivers\STM32F0xx_HAL_Driver\Src\stm32f0xx_hal_uart_ex.o
 .ARM.attributes
                0x00000296       0x31 Src\acceleration_wakeup_init.o
 .ARM.attributes
                0x000002c7       0x31 Src\accelerometer_init_deinit.o
 .ARM.attributes
                0x000002f8       0x31 Src\accelerometer_referance_value_calculation.o
 .ARM.attributes
                0x00000329       0x31 Src\device_orientation_wakeup_init_deinit.o
 .ARM.attributes
                0x0000035a       0x31 Src\dma.o
 .ARM.attributes
                0x0000038b       0x31 Src\forward_axes_find.o
 .ARM.attributes
                0x000003bc       0x31 Src\forward_axes_sense_wakeup_init.o
 .ARM.attributes
                0x000003ed       0x31 Src\get_command.o
 .ARM.attributes
                0x0000041e       0x31 Src\gpio.o
 .ARM.attributes
                0x0000044f       0x31 Src\gyroscope_init_deinit.o
 .ARM.attributes
                0x00000480       0x31 Src\harsh_acceleration_brake_function_wakeup_threshold_optimization.o
 .ARM.attributes
                0x000004b1       0x31 Src\harsh_acceleration_harsh_brake_find.o
 .ARM.attributes
                0x000004e2       0x31 Src\highest_element.o
 .ARM.attributes
                0x00000513       0x31 Src\i2c.o
 .ARM.attributes
                0x00000544       0x31 Src\imu_init.o
 .ARM.attributes
                0x00000575       0x31 Src\instruction_check.o
 .ARM.attributes
                0x000005a6       0x31 Src\instuction_sense.o
 .ARM.attributes
                0x000005d7       0x31 Src\main.o
 .ARM.attributes
                0x00000608       0x31 Src\rash_turn_detection.o
 .ARM.attributes
                0x00000639       0x31 Src\rash_turn_threshold_optimization.o
 .ARM.attributes
                0x0000066a       0x31 Src\referance_tilt_calculation.o
 .ARM.attributes
                0x0000069b       0x31 Src\set_command.o
 .ARM.attributes
                0x000006cc       0x31 Src\side_axes_find.o
 .ARM.attributes
                0x000006fd       0x31 Src\sleep_enter.o
 .ARM.attributes
                0x0000072e       0x31 Src\stm32f0xx_hal_msp.o
 .ARM.attributes
                0x0000075f       0x31 Src\stm32f0xx_it.o
 .ARM.attributes
                0x00000790       0x31 Src\syscalls.o
 .ARM.attributes
                0x000007c1       0x31 Src\system_stm32f0xx.o
 .ARM.attributes
                0x000007f2       0x31 Src\tilt_calculation.o
 .ARM.attributes
                0x00000823       0x31 Src\tim.o
 .ARM.attributes
                0x00000854       0x31 Src\uart_dma_start.o
 .ARM.attributes
                0x00000885       0x31 Src\usart.o
 .ARM.attributes
                0x000008b6       0x31 Src\wakeup_detection.o
 .ARM.attributes
                0x000008e7       0x31 Src\wakeup_init.o
 .ARM.attributes
                0x00000918       0x21 startup\startup_stm32f091xc.o
 .ARM.attributes
                0x00000939       0x2c c:/program files (x86)/atollic/truestudio for stm32 9.3.0/armtools/bin/../lib/gcc/arm-atollic-eabi/6.3.1/../../../../arm-atollic-eabi/lib/armv6-m\libc_nano.a(lib_a-atoi.o)
 .ARM.attributes
                0x00000965       0x2c c:/program files (x86)/atollic/truestudio for stm32 9.3.0/armtools/bin/../lib/gcc/arm-atollic-eabi/6.3.1/../../../../arm-atollic-eabi/lib/armv6-m\libc_nano.a(lib_a-errno.o)
 .ARM.attributes
                0x00000991       0x2c c:/program files (x86)/atollic/truestudio for stm32 9.3.0/armtools/bin/../lib/gcc/arm-atollic-eabi/6.3.1/../../../../arm-atollic-eabi/lib/armv6-m\libc_nano.a(lib_a-impure.o)
 .ARM.attributes
                0x000009bd       0x2c c:/program files (x86)/atollic/truestudio for stm32 9.3.0/armtools/bin/../lib/gcc/arm-atollic-eabi/6.3.1/../../../../arm-atollic-eabi/lib/armv6-m\libc_nano.a(lib_a-init.o)
 .ARM.attributes
                0x000009e9       0x2c c:/program files (x86)/atollic/truestudio for stm32 9.3.0/armtools/bin/../lib/gcc/arm-atollic-eabi/6.3.1/../../../../arm-atollic-eabi/lib/armv6-m\libc_nano.a(lib_a-memcpy-stub.o)
 .ARM.attributes
                0x00000a15       0x2c c:/program files (x86)/atollic/truestudio for stm32 9.3.0/armtools/bin/../lib/gcc/arm-atollic-eabi/6.3.1/../../../../arm-atollic-eabi/lib/armv6-m\libc_nano.a(lib_a-memset.o)
 .ARM.attributes
                0x00000a41       0x2c c:/program files (x86)/atollic/truestudio for stm32 9.3.0/armtools/bin/../lib/gcc/arm-atollic-eabi/6.3.1/../../../../arm-atollic-eabi/lib/armv6-m\libc_nano.a(lib_a-sprintf.o)
 .ARM.attributes
                0x00000a6d       0x2c c:/program files (x86)/atollic/truestudio for stm32 9.3.0/armtools/bin/../lib/gcc/arm-atollic-eabi/6.3.1/../../../../arm-atollic-eabi/lib/armv6-m\libc_nano.a(lib_a-strcpy.o)
 .ARM.attributes
                0x00000a99       0x1c c:/program files (x86)/atollic/truestudio for stm32 9.3.0/armtools/bin/../lib/gcc/arm-atollic-eabi/6.3.1/../../../../arm-atollic-eabi/lib/armv6-m\libc_nano.a(lib_a-strlen.o)
 .ARM.attributes
                0x00000ab5       0x2c c:/program files (x86)/atollic/truestudio for stm32 9.3.0/armtools/bin/../lib/gcc/arm-atollic-eabi/6.3.1/../../../../arm-atollic-eabi/lib/armv6-m\libc_nano.a(lib_a-strncmp.o)
 .ARM.attributes
                0x00000ae1       0x2c c:/program files (x86)/atollic/truestudio for stm32 9.3.0/armtools/bin/../lib/gcc/arm-atollic-eabi/6.3.1/../../../../arm-atollic-eabi/lib/armv6-m\libc_nano.a(lib_a-strncpy.o)
 .ARM.attributes
                0x00000b0d       0x2c c:/program files (x86)/atollic/truestudio for stm32 9.3.0/armtools/bin/../lib/gcc/arm-atollic-eabi/6.3.1/../../../../arm-atollic-eabi/lib/armv6-m\libc_nano.a(lib_a-strtol.o)
 .ARM.attributes
                0x00000b39       0x2c c:/program files (x86)/atollic/truestudio for stm32 9.3.0/armtools/bin/../lib/gcc/arm-atollic-eabi/6.3.1/../../../../arm-atollic-eabi/lib/armv6-m\libc_nano.a(lib_a-strupr.o)
 .ARM.attributes
                0x00000b65       0x2c c:/program files (x86)/atollic/truestudio for stm32 9.3.0/armtools/bin/../lib/gcc/arm-atollic-eabi/6.3.1/../../../../arm-atollic-eabi/lib/armv6-m\libc_nano.a(lib_a-locale.o)
 .ARM.attributes
                0x00000b91       0x2c c:/program files (x86)/atollic/truestudio for stm32 9.3.0/armtools/bin/../lib/gcc/arm-atollic-eabi/6.3.1/../../../../arm-atollic-eabi/lib/armv6-m\libc_nano.a(lib_a-mbtowc_r.o)
 .ARM.attributes
                0x00000bbd       0x2c c:/program files (x86)/atollic/truestudio for stm32 9.3.0/armtools/bin/../lib/gcc/arm-atollic-eabi/6.3.1/../../../../arm-atollic-eabi/lib/armv6-m\libc_nano.a(lib_a-nano-svfprintf.o)
 .ARM.attributes
                0x00000be9       0x2c c:/program files (x86)/atollic/truestudio for stm32 9.3.0/armtools/bin/../lib/gcc/arm-atollic-eabi/6.3.1/../../../../arm-atollic-eabi/lib/armv6-m\libc_nano.a(lib_a-nano-vfprintf_i.o)
 .ARM.attributes
                0x00000c15       0x2c c:/program files (x86)/atollic/truestudio for stm32 9.3.0/armtools/bin/../lib/gcc/arm-atollic-eabi/6.3.1/../../../../arm-atollic-eabi/lib/armv6-m\libc_nano.a(lib_a-wctomb_r.o)
 .ARM.attributes
                0x00000c41       0x2c c:/program files (x86)/atollic/truestudio for stm32 9.3.0/armtools/bin/../lib/gcc/arm-atollic-eabi/6.3.1/../../../../arm-atollic-eabi/lib/armv6-m\libc_nano.a(lib_a-ctype_.o)
 .ARM.attributes
                0x00000c6d       0x2c c:/program files (x86)/atollic/truestudio for stm32 9.3.0/armtools/bin/../lib/gcc/arm-atollic-eabi/6.3.1/../../../../arm-atollic-eabi/lib/armv6-m\libc_nano.a(lib_a-memchr-stub.o)
 .ARM.attributes
                0x00000c99       0x2c c:/program files (x86)/atollic/truestudio for stm32 9.3.0/armtools/bin/../lib/gcc/arm-atollic-eabi/6.3.1/../../../../arm-atollic-eabi/lib/armv6-m\libc_nano.a(lib_a-memmove.o)
 .ARM.attributes
                0x00000cc5       0x2c c:/program files (x86)/atollic/truestudio for stm32 9.3.0/armtools/bin/../lib/gcc/arm-atollic-eabi/6.3.1/../../../../arm-atollic-eabi/lib/armv6-m\libc_nano.a(lib_a-nano-freer.o)
 .ARM.attributes
                0x00000cf1       0x2c c:/program files (x86)/atollic/truestudio for stm32 9.3.0/armtools/bin/../lib/gcc/arm-atollic-eabi/6.3.1/../../../../arm-atollic-eabi/lib/armv6-m\libc_nano.a(lib_a-nano-mallocr.o)
 .ARM.attributes
                0x00000d1d       0x2c c:/program files (x86)/atollic/truestudio for stm32 9.3.0/armtools/bin/../lib/gcc/arm-atollic-eabi/6.3.1/../../../../arm-atollic-eabi/lib/armv6-m\libc_nano.a(lib_a-nano-reallocr.o)
 .ARM.attributes
                0x00000d49       0x2c c:/program files (x86)/atollic/truestudio for stm32 9.3.0/armtools/bin/../lib/gcc/arm-atollic-eabi/6.3.1/../../../../arm-atollic-eabi/lib/armv6-m\libc_nano.a(lib_a-sbrkr.o)
 .ARM.attributes
                0x00000d75       0x2c c:/program files (x86)/atollic/truestudio for stm32 9.3.0/armtools/bin/../lib/gcc/arm-atollic-eabi/6.3.1/../../../../arm-atollic-eabi/lib/armv6-m\libc_nano.a(lib_a-mlock.o)
 .ARM.attributes
                0x00000da1       0x2c c:/program files (x86)/atollic/truestudio for stm32 9.3.0/armtools/bin/../lib/gcc/arm-atollic-eabi/6.3.1/../../../../arm-atollic-eabi/lib/armv6-m\libc_nano.a(lib_a-nano-msizer.o)
 .ARM.attributes
                0x00000dcd       0x2c c:/program files (x86)/atollic/truestudio for stm32 9.3.0/armtools/bin/../lib/gcc/arm-atollic-eabi/6.3.1/../../../../arm-atollic-eabi/lib/armv6-m\libc_nano.a(lib_a-reent.o)
 .ARM.attributes
                0x00000df9       0x2c c:/program files (x86)/atollic/truestudio for stm32 9.3.0/armtools/bin/../lib/gcc/arm-atollic-eabi/6.3.1/../../../../arm-atollic-eabi/lib/armv6-m\libm.a(lib_a-s_cos.o)
 .ARM.attributes
                0x00000e25       0x2c c:/program files (x86)/atollic/truestudio for stm32 9.3.0/armtools/bin/../lib/gcc/arm-atollic-eabi/6.3.1/../../../../arm-atollic-eabi/lib/armv6-m\libm.a(lib_a-w_acos.o)
 .ARM.attributes
                0x00000e51       0x2c c:/program files (x86)/atollic/truestudio for stm32 9.3.0/armtools/bin/../lib/gcc/arm-atollic-eabi/6.3.1/../../../../arm-atollic-eabi/lib/armv6-m\libm.a(lib_a-w_atan2.o)
 .ARM.attributes
                0x00000e7d       0x2c c:/program files (x86)/atollic/truestudio for stm32 9.3.0/armtools/bin/../lib/gcc/arm-atollic-eabi/6.3.1/../../../../arm-atollic-eabi/lib/armv6-m\libm.a(lib_a-w_sqrt.o)
 .ARM.attributes
                0x00000ea9       0x2c c:/program files (x86)/atollic/truestudio for stm32 9.3.0/armtools/bin/../lib/gcc/arm-atollic-eabi/6.3.1/../../../../arm-atollic-eabi/lib/armv6-m\libm.a(lib_a-e_acos.o)
 .ARM.attributes
                0x00000ed5       0x2c c:/program files (x86)/atollic/truestudio for stm32 9.3.0/armtools/bin/../lib/gcc/arm-atollic-eabi/6.3.1/../../../../arm-atollic-eabi/lib/armv6-m\libm.a(lib_a-e_atan2.o)
 .ARM.attributes
                0x00000f01       0x2c c:/program files (x86)/atollic/truestudio for stm32 9.3.0/armtools/bin/../lib/gcc/arm-atollic-eabi/6.3.1/../../../../arm-atollic-eabi/lib/armv6-m\libm.a(lib_a-e_rem_pio2.o)
 .ARM.attributes
                0x00000f2d       0x2c c:/program files (x86)/atollic/truestudio for stm32 9.3.0/armtools/bin/../lib/gcc/arm-atollic-eabi/6.3.1/../../../../arm-atollic-eabi/lib/armv6-m\libm.a(lib_a-e_sqrt.o)
 .ARM.attributes
                0x00000f59       0x2c c:/program files (x86)/atollic/truestudio for stm32 9.3.0/armtools/bin/../lib/gcc/arm-atollic-eabi/6.3.1/../../../../arm-atollic-eabi/lib/armv6-m\libm.a(lib_a-k_cos.o)
 .ARM.attributes
                0x00000f85       0x2c c:/program files (x86)/atollic/truestudio for stm32 9.3.0/armtools/bin/../lib/gcc/arm-atollic-eabi/6.3.1/../../../../arm-atollic-eabi/lib/armv6-m\libm.a(lib_a-k_rem_pio2.o)
 .ARM.attributes
                0x00000fb1       0x2c c:/program files (x86)/atollic/truestudio for stm32 9.3.0/armtools/bin/../lib/gcc/arm-atollic-eabi/6.3.1/../../../../arm-atollic-eabi/lib/armv6-m\libm.a(lib_a-k_sin.o)
 .ARM.attributes
                0x00000fdd       0x2c c:/program files (x86)/atollic/truestudio for stm32 9.3.0/armtools/bin/../lib/gcc/arm-atollic-eabi/6.3.1/../../../../arm-atollic-eabi/lib/armv6-m\libm.a(lib_a-s_atan.o)
 .ARM.attributes
                0x00001009       0x2c c:/program files (x86)/atollic/truestudio for stm32 9.3.0/armtools/bin/../lib/gcc/arm-atollic-eabi/6.3.1/../../../../arm-atollic-eabi/lib/armv6-m\libm.a(lib_a-s_fabs.o)
 .ARM.attributes
                0x00001035       0x2c c:/program files (x86)/atollic/truestudio for stm32 9.3.0/armtools/bin/../lib/gcc/arm-atollic-eabi/6.3.1/../../../../arm-atollic-eabi/lib/armv6-m\libm.a(lib_a-s_floor.o)
 .ARM.attributes
                0x00001061       0x2c c:/program files (x86)/atollic/truestudio for stm32 9.3.0/armtools/bin/../lib/gcc/arm-atollic-eabi/6.3.1/../../../../arm-atollic-eabi/lib/armv6-m\libm.a(lib_a-s_lib_ver.o)
 .ARM.attributes
                0x0000108d       0x2c c:/program files (x86)/atollic/truestudio for stm32 9.3.0/armtools/bin/../lib/gcc/arm-atollic-eabi/6.3.1/../../../../arm-atollic-eabi/lib/armv6-m\libm.a(lib_a-s_matherr.o)
 .ARM.attributes
                0x000010b9       0x2c c:/program files (x86)/atollic/truestudio for stm32 9.3.0/armtools/bin/../lib/gcc/arm-atollic-eabi/6.3.1/../../../../arm-atollic-eabi/lib/armv6-m\libm.a(lib_a-s_nan.o)
 .ARM.attributes
                0x000010e5       0x2c c:/program files (x86)/atollic/truestudio for stm32 9.3.0/armtools/bin/../lib/gcc/arm-atollic-eabi/6.3.1/../../../../arm-atollic-eabi/lib/armv6-m\libm.a(lib_a-s_scalbn.o)
 .ARM.attributes
                0x00001111       0x2c c:/program files (x86)/atollic/truestudio for stm32 9.3.0/armtools/bin/../lib/gcc/arm-atollic-eabi/6.3.1/../../../../arm-atollic-eabi/lib/armv6-m\libm.a(lib_a-s_copysign.o)
 .ARM.attributes
                0x0000113d       0x1e c:/program files (x86)/atollic/truestudio for stm32 9.3.0/armtools/bin/../lib/gcc/arm-atollic-eabi/6.3.1/armv6-m\libgcc.a(_thumb1_case_uqi.o)
 .ARM.attributes
                0x0000115b       0x1e c:/program files (x86)/atollic/truestudio for stm32 9.3.0/armtools/bin/../lib/gcc/arm-atollic-eabi/6.3.1/armv6-m\libgcc.a(_thumb1_case_shi.o)
 .ARM.attributes
                0x00001179       0x1e c:/program files (x86)/atollic/truestudio for stm32 9.3.0/armtools/bin/../lib/gcc/arm-atollic-eabi/6.3.1/armv6-m\libgcc.a(_thumb1_case_uhi.o)
 .ARM.attributes
                0x00001197       0x1e c:/program files (x86)/atollic/truestudio for stm32 9.3.0/armtools/bin/../lib/gcc/arm-atollic-eabi/6.3.1/armv6-m\libgcc.a(_udivsi3.o)
 .ARM.attributes
                0x000011b5       0x1e c:/program files (x86)/atollic/truestudio for stm32 9.3.0/armtools/bin/../lib/gcc/arm-atollic-eabi/6.3.1/armv6-m\libgcc.a(_divsi3.o)
 .ARM.attributes
                0x000011d3       0x1e c:/program files (x86)/atollic/truestudio for stm32 9.3.0/armtools/bin/../lib/gcc/arm-atollic-eabi/6.3.1/armv6-m\libgcc.a(_dvmd_tls.o)
 .ARM.attributes
                0x000011f1       0x1e c:/program files (x86)/atollic/truestudio for stm32 9.3.0/armtools/bin/../lib/gcc/arm-atollic-eabi/6.3.1/armv6-m\libgcc.a(_arm_cmpdf2.o)
 .ARM.attributes